Archive member included to satisfy reference by file (symbol)

c:/st/stm32cubeide_1.8.0/stm32cubeide/plugins/com.st.stm32cube.ide.mcu.externaltools.gnu-tools-for-stm32.9-2020-q2-update.win32_2.0.0.202105311346/tools/bin/../lib/gcc/arm-none-eabi/9.3.1/../../../../arm-none-eabi/lib/thumb/v7e-m+fp/hard\libc_nano.a(lib_a-errno.o)
                              ./Core/Src/syscalls.o (__errno)
c:/st/stm32cubeide_1.8.0/stm32cubeide/plugins/com.st.stm32cube.ide.mcu.externaltools.gnu-tools-for-stm32.9-2020-q2-update.win32_2.0.0.202105311346/tools/bin/../lib/gcc/arm-none-eabi/9.3.1/../../../../arm-none-eabi/lib/thumb/v7e-m+fp/hard\libc_nano.a(lib_a-exit.o)
                              c:/st/stm32cubeide_1.8.0/stm32cubeide/plugins/com.st.stm32cube.ide.mcu.externaltools.gnu-tools-for-stm32.9-2020-q2-update.win32_2.0.0.202105311346/tools/bin/../lib/gcc/arm-none-eabi/9.3.1/../../../../arm-none-eabi/lib/thumb/v7e-m+fp/hard/crt0.o (exit)
c:/st/stm32cubeide_1.8.0/stm32cubeide/plugins/com.st.stm32cube.ide.mcu.externaltools.gnu-tools-for-stm32.9-2020-q2-update.win32_2.0.0.202105311346/tools/bin/../lib/gcc/arm-none-eabi/9.3.1/../../../../arm-none-eabi/lib/thumb/v7e-m+fp/hard\libc_nano.a(lib_a-impure.o)
                              c:/st/stm32cubeide_1.8.0/stm32cubeide/plugins/com.st.stm32cube.ide.mcu.externaltools.gnu-tools-for-stm32.9-2020-q2-update.win32_2.0.0.202105311346/tools/bin/../lib/gcc/arm-none-eabi/9.3.1/../../../../arm-none-eabi/lib/thumb/v7e-m+fp/hard\libc_nano.a(lib_a-exit.o) (_global_impure_ptr)
c:/st/stm32cubeide_1.8.0/stm32cubeide/plugins/com.st.stm32cube.ide.mcu.externaltools.gnu-tools-for-stm32.9-2020-q2-update.win32_2.0.0.202105311346/tools/bin/../lib/gcc/arm-none-eabi/9.3.1/../../../../arm-none-eabi/lib/thumb/v7e-m+fp/hard\libc_nano.a(lib_a-init.o)
                              c:/st/stm32cubeide_1.8.0/stm32cubeide/plugins/com.st.stm32cube.ide.mcu.externaltools.gnu-tools-for-stm32.9-2020-q2-update.win32_2.0.0.202105311346/tools/bin/../lib/gcc/arm-none-eabi/9.3.1/../../../../arm-none-eabi/lib/thumb/v7e-m+fp/hard/crt0.o (__libc_init_array)
c:/st/stm32cubeide_1.8.0/stm32cubeide/plugins/com.st.stm32cube.ide.mcu.externaltools.gnu-tools-for-stm32.9-2020-q2-update.win32_2.0.0.202105311346/tools/bin/../lib/gcc/arm-none-eabi/9.3.1/../../../../arm-none-eabi/lib/thumb/v7e-m+fp/hard\libc_nano.a(lib_a-malloc.o)
                              ./Middlewares/ST/STM32_USB_Host_Library/Class/MSC/Src/usbh_msc.o (malloc)
c:/st/stm32cubeide_1.8.0/stm32cubeide/plugins/com.st.stm32cube.ide.mcu.externaltools.gnu-tools-for-stm32.9-2020-q2-update.win32_2.0.0.202105311346/tools/bin/../lib/gcc/arm-none-eabi/9.3.1/../../../../arm-none-eabi/lib/thumb/v7e-m+fp/hard\libc_nano.a(lib_a-memcpy-stub.o)
                              ./Middlewares/ST/STM32_USB_Host_Library/Class/MSC/Src/usbh_msc.o (memcpy)
c:/st/stm32cubeide_1.8.0/stm32cubeide/plugins/com.st.stm32cube.ide.mcu.externaltools.gnu-tools-for-stm32.9-2020-q2-update.win32_2.0.0.202105311346/tools/bin/../lib/gcc/arm-none-eabi/9.3.1/../../../../arm-none-eabi/lib/thumb/v7e-m+fp/hard\libc_nano.a(lib_a-memset.o)
                              c:/st/stm32cubeide_1.8.0/stm32cubeide/plugins/com.st.stm32cube.ide.mcu.externaltools.gnu-tools-for-stm32.9-2020-q2-update.win32_2.0.0.202105311346/tools/bin/../lib/gcc/arm-none-eabi/9.3.1/../../../../arm-none-eabi/lib/thumb/v7e-m+fp/hard/crt0.o (memset)
c:/st/stm32cubeide_1.8.0/stm32cubeide/plugins/com.st.stm32cube.ide.mcu.externaltools.gnu-tools-for-stm32.9-2020-q2-update.win32_2.0.0.202105311346/tools/bin/../lib/gcc/arm-none-eabi/9.3.1/../../../../arm-none-eabi/lib/thumb/v7e-m+fp/hard\libc_nano.a(lib_a-nano-freer.o)
                              c:/st/stm32cubeide_1.8.0/stm32cubeide/plugins/com.st.stm32cube.ide.mcu.externaltools.gnu-tools-for-stm32.9-2020-q2-update.win32_2.0.0.202105311346/tools/bin/../lib/gcc/arm-none-eabi/9.3.1/../../../../arm-none-eabi/lib/thumb/v7e-m+fp/hard\libc_nano.a(lib_a-malloc.o) (_free_r)
c:/st/stm32cubeide_1.8.0/stm32cubeide/plugins/com.st.stm32cube.ide.mcu.externaltools.gnu-tools-for-stm32.9-2020-q2-update.win32_2.0.0.202105311346/tools/bin/../lib/gcc/arm-none-eabi/9.3.1/../../../../arm-none-eabi/lib/thumb/v7e-m+fp/hard\libc_nano.a(lib_a-nano-mallocr.o)
                              c:/st/stm32cubeide_1.8.0/stm32cubeide/plugins/com.st.stm32cube.ide.mcu.externaltools.gnu-tools-for-stm32.9-2020-q2-update.win32_2.0.0.202105311346/tools/bin/../lib/gcc/arm-none-eabi/9.3.1/../../../../arm-none-eabi/lib/thumb/v7e-m+fp/hard\libc_nano.a(lib_a-malloc.o) (_malloc_r)
c:/st/stm32cubeide_1.8.0/stm32cubeide/plugins/com.st.stm32cube.ide.mcu.externaltools.gnu-tools-for-stm32.9-2020-q2-update.win32_2.0.0.202105311346/tools/bin/../lib/gcc/arm-none-eabi/9.3.1/../../../../arm-none-eabi/lib/thumb/v7e-m+fp/hard\libc_nano.a(lib_a-sbrkr.o)
[...]
Memory Configuration

Name             Origin             Length             Attributes
CCMRAM           0x0000000010000000 0x0000000000010000 xrw
RAM              0x0000000020000000 0x0000000000020000 xrw
FLASH            0x0000000008000000 0x0000000000100000 xr
*default*        0x0000000000000000 0xffffffffffffffff

Linker script and memory map

LOAD c:/st/stm32cubeide_1.8.0/stm32cubeide/plugins/com.st.stm32cube.ide.mcu.externaltools.gnu-tools-for-stm32.9-2020-q2-update.win32_2.0.0.202105311346/tools/bin/../lib/gcc/arm-none-eabi/9.3.1/thumb/v7e-m+fp/hard/crti.o
LOAD c:/st/stm32cubeide_1.8.0/stm32cubeide/plugins/com.st.stm32cube.ide.mcu.externaltools.gnu-tools-for-stm32.9-2020-q2-update.win32_2.0.0.202105311346/tools/bin/../lib/gcc/arm-none-eabi/9.3.1/thumb/v7e-m+fp/hard/crtbegin.o
LOAD c:/st/stm32cubeide_1.8.0/stm32cubeide/plugins/com.st.stm32cube.ide.mcu.externaltools.gnu-tools-for-stm32.9-2020-q2-update.win32_2.0.0.202105311346/tools/bin/../lib/gcc/arm-none-eabi/9.3.1/../../../../arm-none-eabi/lib/thumb/v7e-m+fp/hard/crt0.o
LOAD ./Core/Src/AUDIO.o
LOAD ./Core/Src/AUDIO_LINK.o
LOAD ./Core/Src/File_Handling.o
LOAD ./Core/Src/LiquidCrystal.o
LOAD ./Core/Src/cs43l22.o
LOAD ./Core/Src/main.o
LOAD ./Core/Src/spi_sd.o
LOAD ./Core/Src/stm32f4xx_hal_msp.o
LOAD ./Core/Src/stm32f4xx_it.o
LOAD ./Core/Src/syscalls.o
LOAD ./Core/Src/sysmem.o
LOAD ./Core/Src/system_stm32f4xx.o
LOAD ./Core/Src/wav_player.o
LOAD ./Core/Startup/startup_stm32f407vgtx.o
LOAD ./Drivers/STM32F4xx_HAL_Driver/Src/stm32f4xx_hal.o
LOAD ./Drivers/STM32F4xx_HAL_Driver/Src/stm32f4xx_hal_cortex.o
LOAD ./Drivers/STM32F4xx_HAL_Driver/Src/stm32f4xx_hal_dma.o
LOAD ./Drivers/STM32F4xx_HAL_Driver/Src/stm32f4xx_hal_dma_ex.o
LOAD ./Drivers/STM32F4xx_HAL_Driver/Src/stm32f4xx_hal_exti.o
LOAD ./Drivers/STM32F4xx_HAL_Driver/Src/stm32f4xx_hal_flash.o
LOAD ./Drivers/STM32F4xx_HAL_Driver/Src/stm32f4xx_hal_flash_ex.o
LOAD ./Drivers/STM32F4xx_HAL_Driver/Src/stm32f4xx_hal_flash_ramfunc.o
LOAD ./Drivers/STM32F4xx_HAL_Driver/Src/stm32f4xx_hal_gpio.o
LOAD ./Drivers/STM32F4xx_HAL_Driver/Src/stm32f4xx_hal_hcd.o
LOAD ./Drivers/STM32F4xx_HAL_Driver/Src/stm32f4xx_hal_i2c.o
LOAD ./Drivers/STM32F4xx_HAL_Driver/Src/stm32f4xx_hal_i2c_ex.o
LOAD ./Drivers/STM32F4xx_HAL_Driver/Src/stm32f4xx_hal_i2s.o
LOAD ./Drivers/STM32F4xx_HAL_Driver/Src/stm32f4xx_hal_i2s_ex.o
LOAD ./Drivers/STM32F4xx_HAL_Driver/Src/stm32f4xx_hal_pwr.o
LOAD ./Drivers/STM32F4xx_HAL_Driver/Src/stm32f4xx_hal_pwr_ex.o
LOAD ./Drivers/STM32F4xx_HAL_Driver/Src/stm32f4xx_hal_rcc.o
LOAD ./Drivers/STM32F4xx_HAL_Driver/Src/stm32f4xx_hal_rcc_ex.o
LOAD ./Drivers/STM32F4xx_HAL_Driver/Src/stm32f4xx_hal_spi.o
LOAD ./Drivers/STM32F4xx_HAL_Driver/Src/stm32f4xx_hal_tim.o
LOAD ./Drivers/STM32F4xx_HAL_Driver/Src/stm32f4xx_hal_tim_ex.o
LOAD ./Drivers/STM32F4xx_HAL_Driver/Src/stm32f4xx_ll_usb.o
LOAD ./FATFS/App/fatfs.o
LOAD ./FATFS/Target/usbh_diskio.o
LOAD ./Middlewares/ST/STM32_USB_Host_Library/Class/MSC/Src/usbh_msc.o
LOAD ./Middlewares/ST/STM32_USB_Host_Library/Class/MSC/Src/usbh_msc_bot.o
LOAD ./Middlewares/ST/STM32_USB_Host_Library/Class/MSC/Src/usbh_msc_scsi.o
LOAD ./Middlewares/ST/STM32_USB_Host_Library/Core/Src/usbh_core.o
LOAD ./Middlewares/ST/STM32_USB_Host_Library/Core/Src/usbh_ctlreq.o
LOAD ./Middlewares/ST/STM32_USB_Host_Library/Core/Src/usbh_ioreq.o
LOAD ./Middlewares/ST/STM32_USB_Host_Library/Core/Src/usbh_pipes.o
LOAD ./Middlewares/Third_Party/FatFs/src/diskio.o
LOAD ./Middlewares/Third_Party/FatFs/src/ff.o
LOAD ./Middlewares/Third_Party/FatFs/src/ff_gen_drv.o
LOAD ./Middlewares/Third_Party/FatFs/src/option/ccsbcs.o
LOAD ./Middlewares/Third_Party/FatFs/src/option/syscall.o
LOAD ./USB_HOST/App/usb_host.o
LOAD ./USB_HOST/Target/usbh_conf.o
LOAD ./USB_HOST/Target/usbh_platform.o
START GROUP
LOAD c:/st/stm32cubeide_1.8.0/stm32cubeide/plugins/com.st.stm32cube.ide.mcu.externaltools.gnu-tools-for-stm32.9-2020-q2-update.win32_2.0.0.202105311346/tools/bin/../lib/gcc/arm-none-eabi/9.3.1/../../../../arm-none-eabi/lib/thumb/v7e-m+fp/hard\libc_nano.a
LOAD c:/st/stm32cubeide_1.8.0/stm32cubeide/plugins/com.st.stm32cube.ide.mcu.externaltools.gnu-tools-for-stm32.9-2020-q2-update.win32_2.0.0.202105311346/tools/bin/../lib/gcc/arm-none-eabi/9.3.1/../../../../arm-none-eabi/lib/thumb/v7e-m+fp/hard\libm.a
END GROUP
START GROUP
LOAD c:/st/stm32cubeide_1.8.0/stm32cubeide/plugins/com.st.stm32cube.ide.mcu.externaltools.gnu-tools-for-stm32.9-2020-q2-update.win32_2.0.0.202105311346/tools/bin/../lib/gcc/arm-none-eabi/9.3.1/thumb/v7e-m+fp/hard\libgcc.a
LOAD c:/st/stm32cubeide_1.8.0/stm32cubeide/plugins/com.st.stm32cube.ide.mcu.externaltools.gnu-tools-for-stm32.9-2020-q2-update.win32_2.0.0.202105311346/tools/bin/../lib/gcc/arm-none-eabi/9.3.1/../../../../arm-none-eabi/lib/thumb/v7e-m+fp/hard\libc_nano.a
END GROUP
START GROUP
LOAD c:/st/stm32cubeide_1.8.0/stm32cubeide/plugins/com.st.stm32cube.ide.mcu.externaltools.gnu-tools-for-stm32.9-2020-q2-update.win32_2.0.0.202105311346/tools/bin/../lib/gcc/arm-none-eabi/9.3.1/thumb/v7e-m+fp/hard\libgcc.a
LOAD c:/st/stm32cubeide_1.8.0/stm32cubeide/plugins/com.st.stm32cube.ide.mcu.externaltools.gnu-tools-for-stm32.9-2020-q2-update.win32_2.0.0.202105311346/tools/bin/../lib/gcc/arm-none-eabi/9.3.1/../../../../arm-none-eabi/lib/thumb/v7e-m+fp/hard\libc_nano.a
LOAD c:/st/stm32cubeide_1.8.0/stm32cubeide/plugins/com.st.stm32cube.ide.mcu.externaltools.gnu-tools-for-stm32.9-2020-q2-update.win32_2.0.0.202105311346/tools/bin/../lib/gcc/arm-none-eabi/9.3.1/../../../../arm-none-eabi/lib/thumb/v7e-m+fp/hard\libnosys.a
END GROUP
START GROUP
LOAD c:/st/stm32cubeide_1.8.0/stm32cubeide/plugins/com.st.stm32cube.ide.mcu.externaltools.gnu-tools-for-stm32.9-2020-q2-update.win32_2.0.0.202105311346/tools/bin/../lib/gcc/arm-none-eabi/9.3.1/thumb/v7e-m+fp/hard\libgcc.a
LOAD c:/st/stm32cubeide_1.8.0/stm32cubeide/plugins/com.st.stm32cube.ide.mcu.externaltools.gnu-tools-for-stm32.9-2020-q2-update.win32_2.0.0.202105311346/tools/bin/../lib/gcc/arm-none-eabi/9.3.1/../../../../arm-none-eabi/lib/thumb/v7e-m+fp/hard\libc_nano.a
LOAD c:/st/stm32cubeide_1.8.0/stm32cubeide/plugins/com.st.stm32cube.ide.mcu.externaltools.gnu-tools-for-stm32.9-2020-q2-update.win32_2.0.0.202105311346/tools/bin/../lib/gcc/arm-none-eabi/9.3.1/../../../../arm-none-eabi/lib/thumb/v7e-m+fp/hard\libnosys.a
END GROUP
LOAD c:/st/stm32cubeide_1.8.0/stm32cubeide/plugins/com.st.stm32cube.ide.mcu.externaltools.gnu-tools-for-stm32.9-2020-q2-update.win32_2.0.0.202105311346/tools/bin/../lib/gcc/arm-none-eabi/9.3.1/thumb/v7e-m+fp/hard/crtend.o
LOAD c:/st/stm32cubeide_1.8.0/stm32cubeide/plugins/com.st.stm32cube.ide.mcu.externaltools.gnu-tools-for-stm32.9-2020-q2-update.win32_2.0.0.202105311346/tools/bin/../lib/gcc/arm-none-eabi/9.3.1/thumb/v7e-m+fp/hard/crtn.o
                0x0000000020020000                _estack = (ORIGIN (RAM) + LENGTH (RAM))
                0x0000000000000400                _Min_Heap_Size = 0x400
                0x0000000000000800                _Min_Stack_Size = 0x800

.isr_vector     0x0000000008000000      0x188
                0x0000000008000000                . = ALIGN (0x4)
 *(.isr_vector)
 .isr_vector    0x0000000008000000      0x188 ./Core/Startup/startup_stm32f407vgtx.o
                0x0000000008000000                g_pfnVectors
                0x0000000008000188                . = ALIGN (0x4)

.text           0x0000000008000190    0x124f0
                0x0000000008000190                . = ALIGN (0x4)
 *(.text)
 .text          0x0000000008000190       0x40 c:/st/stm32cubeide_1.8.0/stm32cubeide/plugins/com.st.stm32cube.ide.mcu.externaltools.gnu-tools-for-stm32.9-2020-q2-update.win32_2.0.0.202105311346/tools/bin/../lib/gcc/arm-none-eabi/9.3.1/thumb/v7e-m+fp/hard/crtbegin.o
 .text          0x00000000080001d0       0x10 c:/st/stm32cubeide_1.8.0/stm32cubeide/plugins/com.st.stm32cube.ide.mcu.externaltools.gnu-tools-for-stm32.9-2020-q2-update.win32_2.0.0.202105311346/tools/bin/../lib/gcc/arm-none-eabi/9.3.1/../../../../arm-none-eabi/lib/thumb/v7e-m+fp/hard\libc_nano.a(lib_a-strlen.o)
                0x00000000080001d0                strlen
 .text          0x00000000080001e0       0xa0 c:/st/stm32cubeide_1.8.0/stm32cubeide/plugins/com.st.stm32cube.ide.mcu.externaltools.gnu-tools-for-stm32.9-2020-q2-update.win32_2.0.0.202105311346/tools/bin/../lib/gcc/arm-none-eabi/9.3.1/../../../../arm-none-eabi/lib/thumb/v7e-m+fp/hard\libc_nano.a(lib_a-memchr.o)
                0x00000000080001e0                memchr
 .text          0x0000000008000280       0x30 c:/st/stm32cubeide_1.8.0/stm32cubeide/plugins/com.st.stm32cube.ide.mcu.externaltools.gnu-tools-for-stm32.9-2020-q2-update.win32_2.0.0.202105311346/tools/bin/../lib/gcc/arm-none-eabi/9.3.1/thumb/v7e-m+fp/hard\libgcc.a(_aeabi_uldivmod.o)
                0x0000000008000280                __aeabi_uldivmod
 .text          0x00000000080002b0      0x2c4 c:/st/stm32cubeide_1.8.0/stm32cubeide/plugins/com.st.stm32cube.ide.mcu.externaltools.gnu-tools-for-stm32.9-2020-q2-update.win32_2.0.0.202105311346/tools/bin/../lib/gcc/arm-none-eabi/9.3.1/thumb/v7e-m+fp/hard\libgcc.a(_udivmoddi4.o)
                0x00000000080002b0                __udivmoddi4
 .text          0x0000000008000574        0x4 c:/st/stm32cubeide_1.8.0/stm32cubeide/plugins/com.st.stm32cube.ide.mcu.externaltools.gnu-tools-for-stm32.9-2020-q2-update.win32_2.0.0.202105311346/tools/bin/../lib/gcc/arm-none-eabi/9.3.1/thumb/v7e-m+fp/hard\libgcc.a(_dvmd_tls.o)
                0x0000000008000574                __aeabi_idiv0
                0x0000000008000574                __aeabi_ldiv0
 *(.text*)
 .text.AUDIO_OUT_Init
                0x0000000008000578       0x9c ./Core/Src/AUDIO.o
                0x0000000008000578                AUDIO_OUT_Init
 .text.AUDIO_OUT_Play
                0x0000000008000614       0x54 ./Core/Src/AUDIO.o
                0x0000000008000614                AUDIO_OUT_Play
 .text.AUDIO_OUT_Pause
                0x0000000008000668       0x2c ./Core/Src/AUDIO.o
                0x0000000008000668                AUDIO_OUT_Pause
 .text.AUDIO_OUT_Resume
                0x0000000008000694       0x2c ./Core/Src/AUDIO.o
                0x0000000008000694                AUDIO_OUT_Resume
 .text.AUDIO_OUT_Stop
                0x00000000080006c0       0x50 ./Core/Src/AUDIO.o
                0x00000000080006c0                AUDIO_OUT_Stop
 .text.AUDIO_OUT_SetVolume
                0x0000000008000710       0x30 ./Core/Src/AUDIO.o
                0x0000000008000710                AUDIO_OUT_SetVolume
 .text.HAL_I2S_TxCpltCallback
                0x0000000008000740       0x24 ./Core/Src/AUDIO.o
                0x0000000008000740                HAL_I2S_TxCpltCallback
 .text.HAL_I2S_TxHalfCpltCallback
                0x0000000008000764       0x24 ./Core/Src/AUDIO.o
                0x0000000008000764                HAL_I2S_TxHalfCpltCallback
 .text.AUDIO_OUT_ClockConfig
                0x0000000008000788       0xb4 ./Core/Src/AUDIO.o
                0x0000000008000788                AUDIO_OUT_ClockConfig
 .text.AUDIO_OUT_MspInit
                0x000000000800083c      0x180 ./Core/Src/AUDIO.o
                0x000000000800083c                AUDIO_OUT_MspInit
 .text.AUDIO_OUT_Error_CallBack
                0x00000000080009bc        0xe ./Core/Src/AUDIO.o
                0x00000000080009bc                AUDIO_OUT_Error_CallBack
 *fill*         0x00000000080009ca        0x2 
 .text.I2S3_Init
                0x00000000080009cc       0x70 ./Core/Src/AUDIO.o
 .text.HAL_I2S_ErrorCallback
                0x0000000008000a3c       0x24 ./Core/Src/AUDIO.o
                0x0000000008000a3c                HAL_I2S_ErrorCallback
 .text.I2Cx_Init
                0x0000000008000a60       0x64 ./Core/Src/AUDIO_LINK.o
 .text.I2Cx_WriteData
                0x0000000008000ac4       0x50 ./Core/Src/AUDIO_LINK.o
 .text.I2Cx_ReadData
                0x0000000008000b14       0x58 ./Core/Src/AUDIO_LINK.o
 .text.I2Cx_Error
                0x0000000008000b6c       0x18 ./Core/Src/AUDIO_LINK.o
 .text.I2Cx_MspInit
                0x0000000008000b84       0xac ./Core/Src/AUDIO_LINK.o
 .text.AUDIO_IO_Init
                0x0000000008000c30       0x70 ./Core/Src/AUDIO_LINK.o
                0x0000000008000c30                AUDIO_IO_Init
 .text.AUDIO_IO_DeInit
                0x0000000008000ca0        0xe ./Core/Src/AUDIO_LINK.o
                0x0000000008000ca0                AUDIO_IO_DeInit
 .text.AUDIO_IO_Write
                0x0000000008000cae       0x28 ./Core/Src/AUDIO_LINK.o
                0x0000000008000cae                AUDIO_IO_Write
 .text.AUDIO_IO_Read
                0x0000000008000cd6       0x28 ./Core/Src/AUDIO_LINK.o
                0x0000000008000cd6                AUDIO_IO_Read
 *fill*         0x0000000008000cfe        0x2 
 .text.AUDIO_StorageParse
                0x0000000008000d00      0x130 ./Core/Src/File_Handling.o
                0x0000000008000d00                AUDIO_StorageParse
 .text.AUDIO_GetWavObjectNumber
                0x0000000008000e30       0x1c ./Core/Src/File_Handling.o
                0x0000000008000e30                AUDIO_GetWavObjectNumber
 .text.Mount_USB
                0x0000000008000e4c       0x28 ./Core/Src/File_Handling.o
                0x0000000008000e4c                Mount_USB
 .text.LiquidCrystal
                0x0000000008000e74       0x94 ./Core/Src/LiquidCrystal.o
                0x0000000008000e74                LiquidCrystal
 .text.init     0x0000000008000f08       0x9c ./Core/Src/LiquidCrystal.o
                0x0000000008000f08                init
 .text.begin    0x0000000008000fa4      0x220 ./Core/Src/LiquidCrystal.o
                0x0000000008000fa4                begin
 .text.enableClock
                0x00000000080011c4      0x148 ./Core/Src/LiquidCrystal.o
                0x00000000080011c4                enableClock
 .text.setRowOffsets
                0x000000000800130c       0x40 ./Core/Src/LiquidCrystal.o
                0x000000000800130c                setRowOffsets
 .text.clear    0x000000000800134c       0x14 ./Core/Src/LiquidCrystal.o
                0x000000000800134c                clear
 .text.setCursor
                0x0000000008001360       0x64 ./Core/Src/LiquidCrystal.o
                0x0000000008001360                setCursor
 .text.display  0x00000000080013c4       0x2c ./Core/Src/LiquidCrystal.o
                0x00000000080013c4                display
 .text.print    0x00000000080013f0       0x56 ./Core/Src/LiquidCrystal.o
                0x00000000080013f0                print
 .text.command  0x0000000008001446       0x1c ./Core/Src/LiquidCrystal.o
                0x0000000008001446                command
 .text.write    0x0000000008001462       0x1e ./Core/Src/LiquidCrystal.o
                0x0000000008001462                write
 .text.send     0x0000000008001480       0x7c ./Core/Src/LiquidCrystal.o
                0x0000000008001480                send
 .text.pulseEnable
                0x00000000080014fc       0x54 ./Core/Src/LiquidCrystal.o
                0x00000000080014fc                pulseEnable
 .text.write4bits
                0x0000000008001550       0x54 ./Core/Src/LiquidCrystal.o
                0x0000000008001550                write4bits
 .text.write8bits
                0x00000000080015a4       0x54 ./Core/Src/LiquidCrystal.o
                0x00000000080015a4                write8bits
 .text.cs43l22_Init
                0x00000000080015f8      0x1c8 ./Core/Src/cs43l22.o
                0x00000000080015f8                cs43l22_Init
 .text.cs43l22_DeInit
                0x00000000080017c0        0xc ./Core/Src/cs43l22.o
                0x00000000080017c0                cs43l22_DeInit
 .text.cs43l22_ReadID
                0x00000000080017cc       0x30 ./Core/Src/cs43l22.o
                0x00000000080017cc                cs43l22_ReadID
 .text.cs43l22_Play
                0x00000000080017fc       0x74 ./Core/Src/cs43l22.o
                0x00000000080017fc                cs43l22_Play
 .text.cs43l22_Pause
                0x0000000008001870       0x42 ./Core/Src/cs43l22.o
                0x0000000008001870                cs43l22_Pause
 *fill*         0x00000000080018b2        0x2 
 .text.cs43l22_Resume
                0x00000000080018b4       0x78 ./Core/Src/cs43l22.o
                0x00000000080018b4                cs43l22_Resume
 .text.cs43l22_Stop
                0x000000000800192c       0x68 ./Core/Src/cs43l22.o
                0x000000000800192c                cs43l22_Stop
 .text.cs43l22_SetVolume
                0x0000000008001994       0xbc ./Core/Src/cs43l22.o
                0x0000000008001994                cs43l22_SetVolume
 .text.cs43l22_SetFrequency
                0x0000000008001a50       0x1a ./Core/Src/cs43l22.o
                0x0000000008001a50                cs43l22_SetFrequency
 *fill*         0x0000000008001a6a        0x2 
 .text.cs43l22_SetMute
                0x0000000008001a6c       0xbc ./Core/Src/cs43l22.o
                0x0000000008001a6c                cs43l22_SetMute
 .text.cs43l22_SetOutputMode
                0x0000000008001b28       0xe4 ./Core/Src/cs43l22.o
                0x0000000008001b28                cs43l22_SetOutputMode
 .text.cs43l22_Reset
                0x0000000008001c0c       0x18 ./Core/Src/cs43l22.o
                0x0000000008001c0c                cs43l22_Reset
 .text.CODEC_IO_Write
                0x0000000008001c24       0x2e ./Core/Src/cs43l22.o
 *fill*         0x0000000008001c52        0x2 
 .text.HAL_GPIO_EXTI_Callback
                0x0000000008001c54       0xd4 ./Core/Src/main.o
                0x0000000008001c54                HAL_GPIO_EXTI_Callback
 .text.main     0x0000000008001d28      0x18c ./Core/Src/main.o
                0x0000000008001d28                main
 .text.SystemClock_Config
                0x0000000008001eb4       0xd4 ./Core/Src/main.o
                0x0000000008001eb4                SystemClock_Config
 .text.MX_I2C1_Init
                0x0000000008001f88       0x5c ./Core/Src/main.o
 .text.MX_I2S3_Init
                0x0000000008001fe4       0x5c ./Core/Src/main.o
 .text.MX_SPI1_Init
                0x0000000008002040       0x6c ./Core/Src/main.o
 .text.MX_SPI2_Init
                0x00000000080020ac       0x6c ./Core/Src/main.o
 .text.MX_DMA_Init
                0x0000000008002118       0x40 ./Core/Src/main.o
 .text.MX_GPIO_Init
                0x0000000008002158      0x140 ./Core/Src/main.o
 .text.Error_Handler
                0x0000000008002298        0xa ./Core/Src/main.o
                0x0000000008002298                Error_Handler
 *fill*         0x00000000080022a2        0x2 
 .text.HAL_MspInit
                0x00000000080022a4       0x50 ./Core/Src/stm32f4xx_hal_msp.o
                0x00000000080022a4                HAL_MspInit
 .text.HAL_I2C_MspInit
                0x00000000080022f4       0x90 ./Core/Src/stm32f4xx_hal_msp.o
                0x00000000080022f4                HAL_I2C_MspInit
 .text.HAL_I2C_MspDeInit
                0x0000000008002384       0x44 ./Core/Src/stm32f4xx_hal_msp.o
                0x0000000008002384                HAL_I2C_MspDeInit
 .text.HAL_I2S_MspInit
                0x00000000080023c8      0x19c ./Core/Src/stm32f4xx_hal_msp.o
                0x00000000080023c8                HAL_I2S_MspInit
 .text.HAL_SPI_MspInit
                0x0000000008002564      0x13c ./Core/Src/stm32f4xx_hal_msp.o
                0x0000000008002564                HAL_SPI_MspInit
 .text.SDTimer_Handler
                0x00000000080026a0       0x48 ./Core/Src/stm32f4xx_it.o
                0x00000000080026a0                SDTimer_Handler
 .text.NMI_Handler
                0x00000000080026e8        0x6 ./Core/Src/stm32f4xx_it.o
                0x00000000080026e8                NMI_Handler
 .text.HardFault_Handler
                0x00000000080026ee        0x6 ./Core/Src/stm32f4xx_it.o
                0x00000000080026ee                HardFault_Handler
 .text.MemManage_Handler
                0x00000000080026f4        0x6 ./Core/Src/stm32f4xx_it.o
                0x00000000080026f4                MemManage_Handler
 .text.BusFault_Handler
                0x00000000080026fa        0x6 ./Core/Src/stm32f4xx_it.o
                0x00000000080026fa                BusFault_Handler
 .text.UsageFault_Handler
                0x0000000008002700        0x6 ./Core/Src/stm32f4xx_it.o
                0x0000000008002700                UsageFault_Handler
 .text.SVC_Handler
                0x0000000008002706        0xe ./Core/Src/stm32f4xx_it.o
                0x0000000008002706                SVC_Handler
 .text.DebugMon_Handler
                0x0000000008002714        0xe ./Core/Src/stm32f4xx_it.o
                0x0000000008002714                DebugMon_Handler
 .text.PendSV_Handler
                0x0000000008002722        0xe ./Core/Src/stm32f4xx_it.o
                0x0000000008002722                PendSV_Handler
 .text.SysTick_Handler
                0x0000000008002730       0x34 ./Core/Src/stm32f4xx_it.o
                0x0000000008002730                SysTick_Handler
 .text.EXTI0_IRQHandler
                0x0000000008002764        0xe ./Core/Src/stm32f4xx_it.o
                0x0000000008002764                EXTI0_IRQHandler
 *fill*         0x0000000008002772        0x2 
 .text.DMA1_Stream5_IRQHandler
                0x0000000008002774       0x14 ./Core/Src/stm32f4xx_it.o
                0x0000000008002774                DMA1_Stream5_IRQHandler
 .text.EXTI15_10_IRQHandler
                0x0000000008002788       0x28 ./Core/Src/stm32f4xx_it.o
                0x0000000008002788                EXTI15_10_IRQHandler
 .text.OTG_FS_IRQHandler
                0x00000000080027b0       0x14 ./Core/Src/stm32f4xx_it.o
                0x00000000080027b0                OTG_FS_IRQHandler
 .text._sbrk    0x00000000080027c4       0x6c ./Core/Src/sysmem.o
                0x00000000080027c4                _sbrk
 .text.SystemInit
                0x0000000008002830       0x24 ./Core/Src/system_stm32f4xx.o
                0x0000000008002830                SystemInit
 .text.PlayerInit
                0x0000000008002854       0x30 ./Core/Src/wav_player.o
                0x0000000008002854                PlayerInit
 .text.getFileName
                0x0000000008002884       0x30 ./Core/Src/wav_player.o
                0x0000000008002884                getFileName
 .text.getVol   0x00000000080028b4       0x18 ./Core/Src/wav_player.o
                0x00000000080028b4                getVol
 .text.AUDIO_PLAYER_Start
                0x00000000080028cc       0xc8 ./Core/Src/wav_player.o
                0x00000000080028cc                AUDIO_PLAYER_Start
 .text.AUDIO_PLAYER_Process
                0x0000000008002994      0x23c ./Core/Src/wav_player.o
                0x0000000008002994                AUDIO_PLAYER_Process
 .text.AUDIO_OUT_TransferComplete_CallBack
                0x0000000008002bd0       0x28 ./Core/Src/wav_player.o
                0x0000000008002bd0                AUDIO_OUT_TransferComplete_CallBack
 .text.AUDIO_OUT_HalfTransfer_CallBack
                0x0000000008002bf8       0x28 ./Core/Src/wav_player.o
                0x0000000008002bf8                AUDIO_OUT_HalfTransfer_CallBack
 .text.Reset_Handler
                0x0000000008002c20       0x50 ./Core/Startup/startup_stm32f407vgtx.o
                0x0000000008002c20                Reset_Handler
 .text.Default_Handler
                0x0000000008002c70        0x2 ./Core/Startup/startup_stm32f407vgtx.o
                0x0000000008002c70                RTC_Alarm_IRQHandler
                0x0000000008002c70                HASH_RNG_IRQHandler
                0x0000000008002c70                EXTI2_IRQHandler
                0x0000000008002c70                TIM8_CC_IRQHandler
                0x0000000008002c70                TIM1_CC_IRQHandler
                0x0000000008002c70                DMA2_Stream5_IRQHandler
                0x0000000008002c70                PVD_IRQHandler
                0x0000000008002c70                SDIO_IRQHandler
                0x0000000008002c70                TAMP_STAMP_IRQHandler
                0x0000000008002c70                CAN2_RX1_IRQHandler
                0x0000000008002c70                EXTI3_IRQHandler
                0x0000000008002c70                TIM8_TRG_COM_TIM14_IRQHandler
                0x0000000008002c70                TIM1_UP_TIM10_IRQHandler
                0x0000000008002c70                TIM8_UP_TIM13_IRQHandler
                0x0000000008002c70                I2C3_ER_IRQHandler
                0x0000000008002c70                I2C2_EV_IRQHandler
                0x0000000008002c70                DMA1_Stream2_IRQHandler
                0x0000000008002c70                CAN1_RX0_IRQHandler
                0x0000000008002c70                FPU_IRQHandler
                0x0000000008002c70                OTG_HS_WKUP_IRQHandler
                0x0000000008002c70                CAN2_SCE_IRQHandler
                0x0000000008002c70                DMA2_Stream2_IRQHandler
                0x0000000008002c70                SPI1_IRQHandler
                0x0000000008002c70                TIM6_DAC_IRQHandler
                0x0000000008002c70                TIM1_BRK_TIM9_IRQHandler
                0x0000000008002c70                DCMI_IRQHandler
                0x0000000008002c70                CAN2_RX0_IRQHandler
                0x0000000008002c70                DMA2_Stream3_IRQHandler
                0x0000000008002c70                USART6_IRQHandler
                0x0000000008002c70                USART3_IRQHandler
                0x0000000008002c70                CAN1_RX1_IRQHandler
                0x0000000008002c70                UART5_IRQHandler
                0x0000000008002c70                DMA2_Stream0_IRQHandler
                0x0000000008002c70                TIM4_IRQHandler
                0x0000000008002c70                I2C1_EV_IRQHandler
                0x0000000008002c70                DMA1_Stream6_IRQHandler
                0x0000000008002c70                DMA1_Stream1_IRQHandler
                0x0000000008002c70                UART4_IRQHandler
                0x0000000008002c70                TIM3_IRQHandler
                0x0000000008002c70                RCC_IRQHandler
                0x0000000008002c70                TIM8_BRK_TIM12_IRQHandler
                0x0000000008002c70                Default_Handler
                0x0000000008002c70                ADC_IRQHandler
                0x0000000008002c70                DMA1_Stream7_IRQHandler
                0x0000000008002c70                TIM7_IRQHandler
                0x0000000008002c70                CAN2_TX_IRQHandler
                0x0000000008002c70                TIM5_IRQHandler
                0x0000000008002c70                DMA2_Stream7_IRQHandler
                0x0000000008002c70                I2C3_EV_IRQHandler
                0x0000000008002c70                EXTI9_5_IRQHandler
                0x0000000008002c70                RTC_WKUP_IRQHandler
                0x0000000008002c70                ETH_WKUP_IRQHandler
                0x0000000008002c70                SPI2_IRQHandler
                0x0000000008002c70                OTG_HS_EP1_IN_IRQHandler
                0x0000000008002c70                DMA1_Stream0_IRQHandler
                0x0000000008002c70                CAN1_TX_IRQHandler
                0x0000000008002c70                EXTI4_IRQHandler
                0x0000000008002c70                FSMC_IRQHandler
                0x0000000008002c70                ETH_IRQHandler
                0x0000000008002c70                OTG_HS_EP1_OUT_IRQHandler
                0x0000000008002c70                WWDG_IRQHandler
                0x0000000008002c70                TIM2_IRQHandler
                0x0000000008002c70                OTG_FS_WKUP_IRQHandler
                0x0000000008002c70                TIM1_TRG_COM_TIM11_IRQHandler
                0x0000000008002c70                OTG_HS_IRQHandler
                0x0000000008002c70                EXTI1_IRQHandler
                0x0000000008002c70                USART2_IRQHandler
                0x0000000008002c70                I2C2_ER_IRQHandler
                0x0000000008002c70                DMA2_Stream1_IRQHandler
                0x0000000008002c70                CAN1_SCE_IRQHandler
                0x0000000008002c70                FLASH_IRQHandler
                0x0000000008002c70                DMA2_Stream4_IRQHandler
                0x0000000008002c70                USART1_IRQHandler
                0x0000000008002c70                SPI3_IRQHandler
                0x0000000008002c70                DMA1_Stream4_IRQHandler
                0x0000000008002c70                I2C1_ER_IRQHandler
                0x0000000008002c70                DMA2_Stream6_IRQHandler
                0x0000000008002c70                DMA1_Stream3_IRQHandler
 *fill*         0x0000000008002c72        0x2 
 .text.HAL_Init
                0x0000000008002c74       0x44 ./Drivers/STM32F4xx_HAL_Driver/Src/stm32f4xx_hal.o
                0x0000000008002c74                HAL_Init
 .text.HAL_InitTick
                0x0000000008002cb8       0x60 ./Drivers/STM32F4xx_HAL_Driver/Src/stm32f4xx_hal.o
                0x0000000008002cb8                HAL_InitTick
 .text.HAL_IncTick
                0x0000000008002d18       0x28 ./Drivers/STM32F4xx_HAL_Driver/Src/stm32f4xx_hal.o
                0x0000000008002d18                HAL_IncTick
 .text.HAL_GetTick
                0x0000000008002d40       0x18 ./Drivers/STM32F4xx_HAL_Driver/Src/stm32f4xx_hal.o
                0x0000000008002d40                HAL_GetTick
 .text.HAL_Delay
                0x0000000008002d58       0x48 ./Drivers/STM32F4xx_HAL_Driver/Src/stm32f4xx_hal.o
                0x0000000008002d58                HAL_Delay
 .text.__NVIC_SetPriorityGrouping
                0x0000000008002da0       0x48 ./Drivers/STM32F4xx_HAL_Driver/Src/stm32f4xx_hal_cortex.o
 .text.__NVIC_GetPriorityGrouping
                0x0000000008002de8       0x1c ./Drivers/STM32F4xx_HAL_Driver/Src/stm32f4xx_hal_cortex.o
 .text.__NVIC_EnableIRQ
                0x0000000008002e04       0x3c ./Drivers/STM32F4xx_HAL_Driver/Src/stm32f4xx_hal_cortex.o
 .text.__NVIC_SetPriority
                0x0000000008002e40       0x54 ./Drivers/STM32F4xx_HAL_Driver/Src/stm32f4xx_hal_cortex.o
 .text.NVIC_EncodePriority
                0x0000000008002e94       0x66 ./Drivers/STM32F4xx_HAL_Driver/Src/stm32f4xx_hal_cortex.o
 *fill*         0x0000000008002efa        0x2 
 .text.SysTick_Config
                0x0000000008002efc       0x44 ./Drivers/STM32F4xx_HAL_Driver/Src/stm32f4xx_hal_cortex.o
 .text.HAL_NVIC_SetPriorityGrouping
                0x0000000008002f40       0x16 ./Drivers/STM32F4xx_HAL_Driver/Src/stm32f4xx_hal_cortex.o
                0x0000000008002f40                HAL_NVIC_SetPriorityGrouping
 .text.HAL_NVIC_SetPriority
                0x0000000008002f56       0x38 ./Drivers/STM32F4xx_HAL_Driver/Src/stm32f4xx_hal_cortex.o
                0x0000000008002f56                HAL_NVIC_SetPriority
 .text.HAL_NVIC_EnableIRQ
                0x0000000008002f8e       0x1c ./Drivers/STM32F4xx_HAL_Driver/Src/stm32f4xx_hal_cortex.o
                0x0000000008002f8e                HAL_NVIC_EnableIRQ
 .text.HAL_SYSTICK_Config
                0x0000000008002faa       0x18 ./Drivers/STM32F4xx_HAL_Driver/Src/stm32f4xx_hal_cortex.o
                0x0000000008002faa                HAL_SYSTICK_Config
 *fill*         0x0000000008002fc2        0x2 
 .text.HAL_DMA_Init
                0x0000000008002fc4      0x15c ./Drivers/STM32F4xx_HAL_Driver/Src/stm32f4xx_hal_dma.o
                0x0000000008002fc4                HAL_DMA_Init
 .text.HAL_DMA_DeInit
                0x0000000008003120       0xbc ./Drivers/STM32F4xx_HAL_Driver/Src/stm32f4xx_hal_dma.o
                0x0000000008003120                HAL_DMA_DeInit
 .text.HAL_DMA_Start_IT
                0x00000000080031dc       0xb0 ./Drivers/STM32F4xx_HAL_Driver/Src/stm32f4xx_hal_dma.o
                0x00000000080031dc                HAL_DMA_Start_IT
 .text.HAL_DMA_Abort
                0x000000000800328c       0xe0 ./Drivers/STM32F4xx_HAL_Driver/Src/stm32f4xx_hal_dma.o
                0x000000000800328c                HAL_DMA_Abort
 .text.HAL_DMA_IRQHandler
                0x000000000800336c      0x314 ./Drivers/STM32F4xx_HAL_Driver/Src/stm32f4xx_hal_dma.o
                0x000000000800336c                HAL_DMA_IRQHandler
 .text.DMA_SetConfig
                0x0000000008003680       0x5c ./Drivers/STM32F4xx_HAL_Driver/Src/stm32f4xx_hal_dma.o
 .text.DMA_CalcBaseAndBitshift
                0x00000000080036dc       0x6c ./Drivers/STM32F4xx_HAL_Driver/Src/stm32f4xx_hal_dma.o
 .text.DMA_CheckFifoParam
                0x0000000008003748       0xf8 ./Drivers/STM32F4xx_HAL_Driver/Src/stm32f4xx_hal_dma.o
 .text.HAL_GPIO_Init
                0x0000000008003840      0x338 ./Drivers/STM32F4xx_HAL_Driver/Src/stm32f4xx_hal_gpio.o
                0x0000000008003840                HAL_GPIO_Init
 .text.HAL_GPIO_DeInit
                0x0000000008003b78      0x1f8 ./Drivers/STM32F4xx_HAL_Driver/Src/stm32f4xx_hal_gpio.o
                0x0000000008003b78                HAL_GPIO_DeInit
 .text.HAL_GPIO_WritePin
                0x0000000008003d70       0x32 ./Drivers/STM32F4xx_HAL_Driver/Src/stm32f4xx_hal_gpio.o
                0x0000000008003d70                HAL_GPIO_WritePin
 *fill*         0x0000000008003da2        0x2 
 .text.HAL_GPIO_EXTI_IRQHandler
                0x0000000008003da4       0x30 ./Drivers/STM32F4xx_HAL_Driver/Src/stm32f4xx_hal_gpio.o
                0x0000000008003da4                HAL_GPIO_EXTI_IRQHandler
 .text.HAL_HCD_Init
                0x0000000008003dd4       0xc4 ./Drivers/STM32F4xx_HAL_Driver/Src/stm32f4xx_hal_hcd.o
                0x0000000008003dd4                HAL_HCD_Init
 .text.HAL_HCD_HC_Init
                0x0000000008003e98      0x11e ./Drivers/STM32F4xx_HAL_Driver/Src/stm32f4xx_hal_hcd.o
                0x0000000008003e98                HAL_HCD_HC_Init
 .text.HAL_HCD_HC_Halt
                0x0000000008003fb6       0x46 ./Drivers/STM32F4xx_HAL_Driver/Src/stm32f4xx_hal_hcd.o
                0x0000000008003fb6                HAL_HCD_HC_Halt
 .text.HAL_HCD_HC_SubmitRequest
                0x0000000008003ffc      0x2ac ./Drivers/STM32F4xx_HAL_Driver/Src/stm32f4xx_hal_hcd.o
                0x0000000008003ffc                HAL_HCD_HC_SubmitRequest
 .text.HAL_HCD_IRQHandler
                0x00000000080042a8      0x216 ./Drivers/STM32F4xx_HAL_Driver/Src/stm32f4xx_hal_hcd.o
                0x00000000080042a8                HAL_HCD_IRQHandler
 .text.HAL_HCD_Start
                0x00000000080044be       0x46 ./Drivers/STM32F4xx_HAL_Driver/Src/stm32f4xx_hal_hcd.o
                0x00000000080044be                HAL_HCD_Start
 .text.HAL_HCD_Stop
                0x0000000008004504       0x3a ./Drivers/STM32F4xx_HAL_Driver/Src/stm32f4xx_hal_hcd.o
                0x0000000008004504                HAL_HCD_Stop
 .text.HAL_HCD_ResetPort
                0x000000000800453e       0x1c ./Drivers/STM32F4xx_HAL_Driver/Src/stm32f4xx_hal_hcd.o
                0x000000000800453e                HAL_HCD_ResetPort
 .text.HAL_HCD_HC_GetURBState
                0x000000000800455a       0x28 ./Drivers/STM32F4xx_HAL_Driver/Src/stm32f4xx_hal_hcd.o
                0x000000000800455a                HAL_HCD_HC_GetURBState
 .text.HAL_HCD_HC_GetXferCount
                0x0000000008004582       0x28 ./Drivers/STM32F4xx_HAL_Driver/Src/stm32f4xx_hal_hcd.o
                0x0000000008004582                HAL_HCD_HC_GetXferCount
 .text.HAL_HCD_GetCurrentFrame
                0x00000000080045aa       0x1c ./Drivers/STM32F4xx_HAL_Driver/Src/stm32f4xx_hal_hcd.o
                0x00000000080045aa                HAL_HCD_GetCurrentFrame
 .text.HAL_HCD_GetCurrentSpeed
                0x00000000080045c6       0x1c ./Drivers/STM32F4xx_HAL_Driver/Src/stm32f4xx_hal_hcd.o
                0x00000000080045c6                HAL_HCD_GetCurrentSpeed
 .text.HCD_HC_IN_IRQHandler
                0x00000000080045e2      0x844 ./Drivers/STM32F4xx_HAL_Driver/Src/stm32f4xx_hal_hcd.o
 .text.HCD_HC_OUT_IRQHandler
                0x0000000008004e26      0x802 ./Drivers/STM32F4xx_HAL_Driver/Src/stm32f4xx_hal_hcd.o
 .text.HCD_RXQLVL_IRQHandler
                0x0000000008005628      0x1a4 ./Drivers/STM32F4xx_HAL_Driver/Src/stm32f4xx_hal_hcd.o
 .text.HCD_Port_IRQHandler
                0x00000000080057cc       0xe6 ./Drivers/STM32F4xx_HAL_Driver/Src/stm32f4xx_hal_hcd.o
 *fill*         0x00000000080058b2        0x2 
 .text.HAL_I2C_Init
                0x00000000080058b4      0x288 ./Drivers/STM32F4xx_HAL_Driver/Src/stm32f4xx_hal_i2c.o
                0x00000000080058b4                HAL_I2C_Init
 .text.HAL_I2C_DeInit
                0x0000000008005b3c       0x5e ./Drivers/STM32F4xx_HAL_Driver/Src/stm32f4xx_hal_i2c.o
                0x0000000008005b3c                HAL_I2C_DeInit
 *fill*         0x0000000008005b9a        0x2 
 .text.HAL_I2C_Mem_Write
                0x0000000008005b9c      0x1f4 ./Drivers/STM32F4xx_HAL_Driver/Src/stm32f4xx_hal_i2c.o
                0x0000000008005b9c                HAL_I2C_Mem_Write
 .text.HAL_I2C_Mem_Read
                0x0000000008005d90      0x44c ./Drivers/STM32F4xx_HAL_Driver/Src/stm32f4xx_hal_i2c.o
                0x0000000008005d90                HAL_I2C_Mem_Read
 .text.HAL_I2C_GetState
                0x00000000080061dc       0x1c ./Drivers/STM32F4xx_HAL_Driver/Src/stm32f4xx_hal_i2c.o
                0x00000000080061dc                HAL_I2C_GetState
 .text.I2C_RequestMemoryWrite
                0x00000000080061f8      0x12c ./Drivers/STM32F4xx_HAL_Driver/Src/stm32f4xx_hal_i2c.o
 .text.I2C_RequestMemoryRead
                0x0000000008006324      0x1d0 ./Drivers/STM32F4xx_HAL_Driver/Src/stm32f4xx_hal_i2c.o
 .text.I2C_WaitOnFlagUntilTimeout
                0x00000000080064f4       0xae ./Drivers/STM32F4xx_HAL_Driver/Src/stm32f4xx_hal_i2c.o
 .text.I2C_WaitOnMasterAddressFlagUntilTimeout
                0x00000000080065a2       0xfe ./Drivers/STM32F4xx_HAL_Driver/Src/stm32f4xx_hal_i2c.o
 .text.I2C_WaitOnTXEFlagUntilTimeout
                0x00000000080066a0       0x82 ./Drivers/STM32F4xx_HAL_Driver/Src/stm32f4xx_hal_i2c.o
 .text.I2C_WaitOnBTFFlagUntilTimeout
                0x0000000008006722       0x82 ./Drivers/STM32F4xx_HAL_Driver/Src/stm32f4xx_hal_i2c.o
 .text.I2C_WaitOnRXNEFlagUntilTimeout
                0x00000000080067a4       0xac ./Drivers/STM32F4xx_HAL_Driver/Src/stm32f4xx_hal_i2c.o
 .text.I2C_IsAcknowledgeFailed
                0x0000000008006850       0x5e ./Drivers/STM32F4xx_HAL_Driver/Src/stm32f4xx_hal_i2c.o
 *fill*         0x00000000080068ae        0x2 
 .text.HAL_I2S_Init
                0x00000000080068b0      0x280 ./Drivers/STM32F4xx_HAL_Driver/Src/stm32f4xx_hal_i2s.o
                0x00000000080068b0                HAL_I2S_Init
 .text.HAL_I2S_Transmit_DMA
                0x0000000008006b30      0x150 ./Drivers/STM32F4xx_HAL_Driver/Src/stm32f4xx_hal_i2s.o
                0x0000000008006b30                HAL_I2S_Transmit_DMA
 .text.HAL_I2S_DMAPause
                0x0000000008006c80       0xc4 ./Drivers/STM32F4xx_HAL_Driver/Src/stm32f4xx_hal_i2s.o
                0x0000000008006c80                HAL_I2S_DMAPause
 .text.HAL_I2S_DMAResume
                0x0000000008006d44      0x128 ./Drivers/STM32F4xx_HAL_Driver/Src/stm32f4xx_hal_i2s.o
                0x0000000008006d44                HAL_I2S_DMAResume
 .text.HAL_I2S_DMAStop
                0x0000000008006e6c      0x3b4 ./Drivers/STM32F4xx_HAL_Driver/Src/stm32f4xx_hal_i2s.o
                0x0000000008006e6c                HAL_I2S_DMAStop
 .text.HAL_I2S_RxCpltCallback
                0x0000000008007220       0x14 ./Drivers/STM32F4xx_HAL_Driver/Src/stm32f4xx_hal_i2s.o
                0x0000000008007220                HAL_I2S_RxCpltCallback
 .text.HAL_I2S_GetState
                0x0000000008007234       0x1c ./Drivers/STM32F4xx_HAL_Driver/Src/stm32f4xx_hal_i2s.o
                0x0000000008007234                HAL_I2S_GetState
 .text.I2S_DMATxCplt
                0x0000000008007250       0x42 ./Drivers/STM32F4xx_HAL_Driver/Src/stm32f4xx_hal_i2s.o
 .text.I2S_DMATxHalfCplt
                0x0000000008007292       0x1c ./Drivers/STM32F4xx_HAL_Driver/Src/stm32f4xx_hal_i2s.o
 .text.I2S_DMAError
                0x00000000080072ae       0x4c ./Drivers/STM32F4xx_HAL_Driver/Src/stm32f4xx_hal_i2s.o
 .text.I2S_Transmit_IT
                0x00000000080072fa       0x5c ./Drivers/STM32F4xx_HAL_Driver/Src/stm32f4xx_hal_i2s.o
 .text.I2S_Receive_IT
                0x0000000008007356       0x5e ./Drivers/STM32F4xx_HAL_Driver/Src/stm32f4xx_hal_i2s.o
 .text.I2S_IRQHandler
                0x00000000080073b4      0x114 ./Drivers/STM32F4xx_HAL_Driver/Src/stm32f4xx_hal_i2s.o
 .text.I2S_WaitFlagStateUntilTimeout
                0x00000000080074c8       0x72 ./Drivers/STM32F4xx_HAL_Driver/Src/stm32f4xx_hal_i2s.o
 *fill*         0x000000000800753a        0x2 
 .text.HAL_I2SEx_FullDuplex_IRQHandler
                0x000000000800753c      0x2a8 ./Drivers/STM32F4xx_HAL_Driver/Src/stm32f4xx_hal_i2s_ex.o
                0x000000000800753c                HAL_I2SEx_FullDuplex_IRQHandler
 .text.HAL_I2SEx_TxRxCpltCallback
                0x00000000080077e4       0x14 ./Drivers/STM32F4xx_HAL_Driver/Src/stm32f4xx_hal_i2s_ex.o
                0x00000000080077e4                HAL_I2SEx_TxRxCpltCallback
 .text.I2SEx_TxISR_I2S
                0x00000000080077f8       0x62 ./Drivers/STM32F4xx_HAL_Driver/Src/stm32f4xx_hal_i2s_ex.o
 *fill*         0x000000000800785a        0x2 
 .text.I2SEx_TxISR_I2SExt
                0x000000000800785c       0x98 ./Drivers/STM32F4xx_HAL_Driver/Src/stm32f4xx_hal_i2s_ex.o
 .text.I2SEx_RxISR_I2S
                0x00000000080078f4       0x64 ./Drivers/STM32F4xx_HAL_Driver/Src/stm32f4xx_hal_i2s_ex.o
 .text.I2SEx_RxISR_I2SExt
                0x0000000008007958       0x98 ./Drivers/STM32F4xx_HAL_Driver/Src/stm32f4xx_hal_i2s_ex.o
 .text.HAL_RCC_OscConfig
                0x00000000080079f0      0x4f0 ./Drivers/STM32F4xx_HAL_Driver/Src/stm32f4xx_hal_rcc.o
                0x00000000080079f0                HAL_RCC_OscConfig
 .text.HAL_RCC_ClockConfig
                0x0000000008007ee0      0x1cc ./Drivers/STM32F4xx_HAL_Driver/Src/stm32f4xx_hal_rcc.o
                0x0000000008007ee0                HAL_RCC_ClockConfig
 .text.HAL_RCC_GetSysClockFreq
                0x00000000080080ac      0x1c4 ./Drivers/STM32F4xx_HAL_Driver/Src/stm32f4xx_hal_rcc.o
                0x00000000080080ac                HAL_RCC_GetSysClockFreq
 .text.HAL_RCC_GetHCLKFreq
                0x0000000008008270       0x18 ./Drivers/STM32F4xx_HAL_Driver/Src/stm32f4xx_hal_rcc.o
                0x0000000008008270                HAL_RCC_GetHCLKFreq
 .text.HAL_RCC_GetPCLK1Freq
                0x0000000008008288       0x28 ./Drivers/STM32F4xx_HAL_Driver/Src/stm32f4xx_hal_rcc.o
                0x0000000008008288                HAL_RCC_GetPCLK1Freq
 .text.HAL_RCCEx_PeriphCLKConfig
                0x00000000080082b0      0x1c4 ./Drivers/STM32F4xx_HAL_Driver/Src/stm32f4xx_hal_rcc_ex.o
                0x00000000080082b0                HAL_RCCEx_PeriphCLKConfig
 .text.HAL_RCCEx_GetPeriphCLKConfig
                0x0000000008008474       0x58 ./Drivers/STM32F4xx_HAL_Driver/Src/stm32f4xx_hal_rcc_ex.o
                0x0000000008008474                HAL_RCCEx_GetPeriphCLKConfig
 .text.HAL_RCCEx_GetPeriphCLKFreq
                0x00000000080084cc       0xbc ./Drivers/STM32F4xx_HAL_Driver/Src/stm32f4xx_hal_rcc_ex.o
                0x00000000080084cc                HAL_RCCEx_GetPeriphCLKFreq
 .text.HAL_SPI_Init
                0x0000000008008588      0x112 ./Drivers/STM32F4xx_HAL_Driver/Src/stm32f4xx_hal_spi.o
                0x0000000008008588                HAL_SPI_Init
 .text.USB_CoreInit
                0x000000000800869a       0xc2 ./Drivers/STM32F4xx_HAL_Driver/Src/stm32f4xx_ll_usb.o
                0x000000000800869a                USB_CoreInit
 .text.USB_EnableGlobalInt
                0x000000000800875c       0x22 ./Drivers/STM32F4xx_HAL_Driver/Src/stm32f4xx_ll_usb.o
                0x000000000800875c                USB_EnableGlobalInt
 .text.USB_DisableGlobalInt
                0x000000000800877e       0x22 ./Drivers/STM32F4xx_HAL_Driver/Src/stm32f4xx_ll_usb.o
                0x000000000800877e                USB_DisableGlobalInt
 .text.USB_SetCurrentMode
                0x00000000080087a0       0x98 ./Drivers/STM32F4xx_HAL_Driver/Src/stm32f4xx_ll_usb.o
                0x00000000080087a0                USB_SetCurrentMode
 .text.USB_FlushTxFifo
                0x0000000008008838       0x48 ./Drivers/STM32F4xx_HAL_Driver/Src/stm32f4xx_ll_usb.o
                0x0000000008008838                USB_FlushTxFifo
 .text.USB_FlushRxFifo
                0x0000000008008880       0x40 ./Drivers/STM32F4xx_HAL_Driver/Src/stm32f4xx_ll_usb.o
                0x0000000008008880                USB_FlushRxFifo
 .text.USB_WritePacket
                0x00000000080088c0       0x7c ./Drivers/STM32F4xx_HAL_Driver/Src/stm32f4xx_ll_usb.o
                0x00000000080088c0                USB_WritePacket
 .text.USB_ReadPacket
                0x000000000800893c       0xb0 ./Drivers/STM32F4xx_HAL_Driver/Src/stm32f4xx_ll_usb.o
                0x000000000800893c                USB_ReadPacket
 .text.USB_ReadInterrupts
                0x00000000080089ec       0x26 ./Drivers/STM32F4xx_HAL_Driver/Src/stm32f4xx_ll_usb.o
                0x00000000080089ec                USB_ReadInterrupts
 .text.USB_GetMode
                0x0000000008008a12       0x1c ./Drivers/STM32F4xx_HAL_Driver/Src/stm32f4xx_ll_usb.o
                0x0000000008008a12                USB_GetMode
 *fill*         0x0000000008008a2e        0x2 
 .text.USB_CoreReset
                0x0000000008008a30       0x64 ./Drivers/STM32F4xx_HAL_Driver/Src/stm32f4xx_ll_usb.o
 .text.USB_HostInit
                0x0000000008008a94      0x168 ./Drivers/STM32F4xx_HAL_Driver/Src/stm32f4xx_ll_usb.o
                0x0000000008008a94                USB_HostInit
 .text.USB_InitFSLSPClkSel
                0x0000000008008bfc       0x74 ./Drivers/STM32F4xx_HAL_Driver/Src/stm32f4xx_ll_usb.o
                0x0000000008008bfc                USB_InitFSLSPClkSel
 .text.USB_ResetPort
                0x0000000008008c70       0x54 ./Drivers/STM32F4xx_HAL_Driver/Src/stm32f4xx_ll_usb.o
                0x0000000008008c70                USB_ResetPort
 .text.USB_DriveVbus
                0x0000000008008cc4       0x72 ./Drivers/STM32F4xx_HAL_Driver/Src/stm32f4xx_ll_usb.o
                0x0000000008008cc4                USB_DriveVbus
 .text.USB_GetHostSpeed
                0x0000000008008d36       0x2e ./Drivers/STM32F4xx_HAL_Driver/Src/stm32f4xx_ll_usb.o
                0x0000000008008d36                USB_GetHostSpeed
 .text.USB_GetCurrentFrame
                0x0000000008008d64       0x22 ./Drivers/STM32F4xx_HAL_Driver/Src/stm32f4xx_ll_usb.o
                0x0000000008008d64                USB_GetCurrentFrame
 *fill*         0x0000000008008d86        0x2 
 .text.USB_HC_Init
                0x0000000008008d88      0x21c ./Drivers/STM32F4xx_HAL_Driver/Src/stm32f4xx_ll_usb.o
                0x0000000008008d88                USB_HC_Init
 .text.USB_HC_StartXfer
                0x0000000008008fa4      0x284 ./Drivers/STM32F4xx_HAL_Driver/Src/stm32f4xx_ll_usb.o
                0x0000000008008fa4                USB_HC_StartXfer
 .text.USB_HC_ReadInterrupt
                0x0000000008009228       0x22 ./Drivers/STM32F4xx_HAL_Driver/Src/stm32f4xx_ll_usb.o
                0x0000000008009228                USB_HC_ReadInterrupt
 .text.USB_HC_Halt
                0x000000000800924a      0x238 ./Drivers/STM32F4xx_HAL_Driver/Src/stm32f4xx_ll_usb.o
                0x000000000800924a                USB_HC_Halt
 *fill*         0x0000000008009482        0x2 
 .text.USB_DoPing
                0x0000000008009484       0x78 ./Drivers/STM32F4xx_HAL_Driver/Src/stm32f4xx_ll_usb.o
                0x0000000008009484                USB_DoPing
 .text.USB_StopHost
                0x00000000080094fc      0x10c ./Drivers/STM32F4xx_HAL_Driver/Src/stm32f4xx_ll_usb.o
                0x00000000080094fc                USB_StopHost
 .text.MX_FATFS_Init
                0x0000000008009608       0x24 ./FATFS/App/fatfs.o
                0x0000000008009608                MX_FATFS_Init
 .text.get_fattime
                0x000000000800962c       0x10 ./FATFS/App/fatfs.o
                0x000000000800962c                get_fattime
 .text.USBH_initialize
                0x000000000800963c       0x18 ./FATFS/Target/usbh_diskio.o
                0x000000000800963c                USBH_initialize
 .text.USBH_status
                0x0000000008009654       0x38 ./FATFS/Target/usbh_diskio.o
                0x0000000008009654                USBH_status
 .text.USBH_read
                0x000000000800968c       0x74 ./FATFS/Target/usbh_diskio.o
                0x000000000800968c                USBH_read
 .text.USBH_write
                0x0000000008009700       0x84 ./FATFS/Target/usbh_diskio.o
                0x0000000008009700                USBH_write
 .text.USBH_ioctl
                0x0000000008009784       0xd8 ./FATFS/Target/usbh_diskio.o
                0x0000000008009784                USBH_ioctl
 .text.USBH_MSC_InterfaceInit
                0x000000000800985c      0x216 ./Middlewares/ST/STM32_USB_Host_Library/Class/MSC/Src/usbh_msc.o
 .text.USBH_MSC_InterfaceDeInit
                0x0000000008009a72       0x8c ./Middlewares/ST/STM32_USB_Host_Library/Class/MSC/Src/usbh_msc.o
 .text.USBH_MSC_ClassRequest
                0x0000000008009afe       0xce ./Middlewares/ST/STM32_USB_Host_Library/Class/MSC/Src/usbh_msc.o
 .text.USBH_MSC_Process
                0x0000000008009bcc      0x520 ./Middlewares/ST/STM32_USB_Host_Library/Class/MSC/Src/usbh_msc.o
 .text.USBH_MSC_SOFProcess
                0x000000000800a0ec       0x16 ./Middlewares/ST/STM32_USB_Host_Library/Class/MSC/Src/usbh_msc.o
 .text.USBH_MSC_RdWrProcess
                0x000000000800a102      0x19e ./Middlewares/ST/STM32_USB_Host_Library/Class/MSC/Src/usbh_msc.o
 .text.USBH_MSC_UnitIsReady
                0x000000000800a2a0       0x4c ./Middlewares/ST/STM32_USB_Host_Library/Class/MSC/Src/usbh_msc.o
                0x000000000800a2a0                USBH_MSC_UnitIsReady
 .text.USBH_MSC_GetLUNInfo
                0x000000000800a2ec       0x48 ./Middlewares/ST/STM32_USB_Host_Library/Class/MSC/Src/usbh_msc.o
                0x000000000800a2ec                USBH_MSC_GetLUNInfo
 .text.USBH_MSC_Read
                0x000000000800a334       0xd2 ./Middlewares/ST/STM32_USB_Host_Library/Class/MSC/Src/usbh_msc.o
                0x000000000800a334                USBH_MSC_Read
 .text.USBH_MSC_Write
                0x000000000800a406       0xd2 ./Middlewares/ST/STM32_USB_Host_Library/Class/MSC/Src/usbh_msc.o
                0x000000000800a406                USBH_MSC_Write
 .text.USBH_MSC_BOT_REQ_Reset
                0x000000000800a4d8       0x3a ./Middlewares/ST/STM32_USB_Host_Library/Class/MSC/Src/usbh_msc_bot.o
                0x000000000800a4d8                USBH_MSC_BOT_REQ_Reset
 .text.USBH_MSC_BOT_REQ_GetMaxLUN
                0x000000000800a512       0x3c ./Middlewares/ST/STM32_USB_Host_Library/Class/MSC/Src/usbh_msc_bot.o
                0x000000000800a512                USBH_MSC_BOT_REQ_GetMaxLUN
 *fill*         0x000000000800a54e        0x2 
 .text.USBH_MSC_BOT_Init
                0x000000000800a550       0x44 ./Middlewares/ST/STM32_USB_Host_Library/Class/MSC/Src/usbh_msc_bot.o
                0x000000000800a550                USBH_MSC_BOT_Init
 .text.USBH_MSC_BOT_Process
                0x000000000800a594      0x39c ./Middlewares/ST/STM32_USB_Host_Library/Class/MSC/Src/usbh_msc_bot.o
                0x000000000800a594                USBH_MSC_BOT_Process
 .text.USBH_MSC_BOT_Abort
                0x000000000800a930       0x58 ./Middlewares/ST/STM32_USB_Host_Library/Class/MSC/Src/usbh_msc_bot.o
 .text.USBH_MSC_DecodeCSW
                0x000000000800a988       0x88 ./Middlewares/ST/STM32_USB_Host_Library/Class/MSC/Src/usbh_msc_bot.o
 .text.USBH_MSC_SCSI_TestUnitReady
                0x000000000800aa10       0x86 ./Middlewares/ST/STM32_USB_Host_Library/Class/MSC/Src/usbh_msc_scsi.o
                0x000000000800aa10                USBH_MSC_SCSI_TestUnitReady
 .text.USBH_MSC_SCSI_ReadCapacity
                0x000000000800aa96       0xf6 ./Middlewares/ST/STM32_USB_Host_Library/Class/MSC/Src/usbh_msc_scsi.o
                0x000000000800aa96                USBH_MSC_SCSI_ReadCapacity
 .text.USBH_MSC_SCSI_Inquiry
                0x000000000800ab8c      0x14a ./Middlewares/ST/STM32_USB_Host_Library/Class/MSC/Src/usbh_msc_scsi.o
                0x000000000800ab8c                USBH_MSC_SCSI_Inquiry
 .text.USBH_MSC_SCSI_RequestSense
                0x000000000800acd6       0xf2 ./Middlewares/ST/STM32_USB_Host_Library/Class/MSC/Src/usbh_msc_scsi.o
                0x000000000800acd6                USBH_MSC_SCSI_RequestSense
 .text.USBH_MSC_SCSI_Write
                0x000000000800adc8       0xd6 ./Middlewares/ST/STM32_USB_Host_Library/Class/MSC/Src/usbh_msc_scsi.o
                0x000000000800adc8                USBH_MSC_SCSI_Write
 .text.USBH_MSC_SCSI_Read
                0x000000000800ae9e       0xd6 ./Middlewares/ST/STM32_USB_Host_Library/Class/MSC/Src/usbh_msc_scsi.o
                0x000000000800ae9e                USBH_MSC_SCSI_Read
 .text.USBH_Init
                0x000000000800af74       0x74 ./Middlewares/ST/STM32_USB_Host_Library/Core/Src/usbh_core.o
                0x000000000800af74                USBH_Init
 .text.DeInitStateMachine
                0x000000000800afe8       0xa8 ./Middlewares/ST/STM32_USB_Host_Library/Core/Src/usbh_core.o
 .text.USBH_RegisterClass
                0x000000000800b090       0x54 ./Middlewares/ST/STM32_USB_Host_Library/Core/Src/usbh_core.o
                0x000000000800b090                USBH_RegisterClass
 .text.USBH_SelectInterface
                0x000000000800b0e4       0x38 ./Middlewares/ST/STM32_USB_Host_Library/Core/Src/usbh_core.o
                0x000000000800b0e4                USBH_SelectInterface
 .text.USBH_FindInterface
                0x000000000800b11c       0x8c ./Middlewares/ST/STM32_USB_Host_Library/Core/Src/usbh_core.o
                0x000000000800b11c                USBH_FindInterface
 .text.USBH_Start
                0x000000000800b1a8       0x20 ./Middlewares/ST/STM32_USB_Host_Library/Core/Src/usbh_core.o
                0x000000000800b1a8                USBH_Start
 .text.USBH_Process
                0x000000000800b1c8      0x3c0 ./Middlewares/ST/STM32_USB_Host_Library/Core/Src/usbh_core.o
                0x000000000800b1c8                USBH_Process
 .text.USBH_HandleEnum
                0x000000000800b588      0x3c8 ./Middlewares/ST/STM32_USB_Host_Library/Core/Src/usbh_core.o
 .text.USBH_LL_SetTimer
                0x000000000800b950       0x1e ./Middlewares/ST/STM32_USB_Host_Library/Core/Src/usbh_core.o
                0x000000000800b950                USBH_LL_SetTimer
 .text.USBH_LL_IncTimer
                0x000000000800b96e       0x24 ./Middlewares/ST/STM32_USB_Host_Library/Core/Src/usbh_core.o
                0x000000000800b96e                USBH_LL_IncTimer
 .text.USBH_HandleSof
                0x000000000800b992       0x30 ./Middlewares/ST/STM32_USB_Host_Library/Core/Src/usbh_core.o
 .text.USBH_LL_PortEnabled
                0x000000000800b9c2       0x1c ./Middlewares/ST/STM32_USB_Host_Library/Core/Src/usbh_core.o
                0x000000000800b9c2                USBH_LL_PortEnabled
 .text.USBH_LL_PortDisabled
                0x000000000800b9de       0x1c ./Middlewares/ST/STM32_USB_Host_Library/Core/Src/usbh_core.o
                0x000000000800b9de                USBH_LL_PortDisabled
 .text.USBH_LL_Connect
                0x000000000800b9fa       0x2e ./Middlewares/ST/STM32_USB_Host_Library/Core/Src/usbh_core.o
                0x000000000800b9fa                USBH_LL_Connect
 .text.USBH_LL_Disconnect
                0x000000000800ba28       0x48 ./Middlewares/ST/STM32_USB_Host_Library/Core/Src/usbh_core.o
                0x000000000800ba28                USBH_LL_Disconnect
 .text.USBH_Get_DevDesc
                0x000000000800ba70       0x50 ./Middlewares/ST/STM32_USB_Host_Library/Core/Src/usbh_ctlreq.o
                0x000000000800ba70                USBH_Get_DevDesc
 .text.USBH_Get_CfgDesc
                0x000000000800bac0       0x48 ./Middlewares/ST/STM32_USB_Host_Library/Core/Src/usbh_ctlreq.o
                0x000000000800bac0                USBH_Get_CfgDesc
 .text.USBH_Get_StringDesc
                0x000000000800bb08       0x56 ./Middlewares/ST/STM32_USB_Host_Library/Core/Src/usbh_ctlreq.o
                0x000000000800bb08                USBH_Get_StringDesc
 .text.USBH_GetDescriptor
                0x000000000800bb5e       0x6a ./Middlewares/ST/STM32_USB_Host_Library/Core/Src/usbh_ctlreq.o
                0x000000000800bb5e                USBH_GetDescriptor
 .text.USBH_SetAddress
                0x000000000800bbc8       0x48 ./Middlewares/ST/STM32_USB_Host_Library/Core/Src/usbh_ctlreq.o
                0x000000000800bbc8                USBH_SetAddress
 .text.USBH_SetCfg
                0x000000000800bc10       0x46 ./Middlewares/ST/STM32_USB_Host_Library/Core/Src/usbh_ctlreq.o
                0x000000000800bc10                USBH_SetCfg
 .text.USBH_SetFeature
                0x000000000800bc56       0x48 ./Middlewares/ST/STM32_USB_Host_Library/Core/Src/usbh_ctlreq.o
                0x000000000800bc56                USBH_SetFeature
 .text.USBH_ClrFeature
                0x000000000800bc9e       0x48 ./Middlewares/ST/STM32_USB_Host_Library/Core/Src/usbh_ctlreq.o
                0x000000000800bc9e                USBH_ClrFeature
 .text.USBH_ParseDevDesc
                0x000000000800bce6       0xe0 ./Middlewares/ST/STM32_USB_Host_Library/Core/Src/usbh_ctlreq.o
 .text.USBH_ParseCfgDesc
                0x000000000800bdc6      0x144 ./Middlewares/ST/STM32_USB_Host_Library/Core/Src/usbh_ctlreq.o
 .text.USBH_ParseInterfaceDesc
                0x000000000800bf0a       0x5e ./Middlewares/ST/STM32_USB_Host_Library/Core/Src/usbh_ctlreq.o
 .text.USBH_ParseEPDesc
                0x000000000800bf68       0x5a ./Middlewares/ST/STM32_USB_Host_Library/Core/Src/usbh_ctlreq.o
 .text.USBH_ParseStringDesc
                0x000000000800bfc2       0x66 ./Middlewares/ST/STM32_USB_Host_Library/Core/Src/usbh_ctlreq.o
 .text.USBH_GetNextDesc
                0x000000000800c028       0x36 ./Middlewares/ST/STM32_USB_Host_Library/Core/Src/usbh_ctlreq.o
                0x000000000800c028                USBH_GetNextDesc
 .text.USBH_CtlReq
                0x000000000800c05e       0x7a ./Middlewares/ST/STM32_USB_Host_Library/Core/Src/usbh_ctlreq.o
                0x000000000800c05e                USBH_CtlReq
 .text.USBH_HandleControl
                0x000000000800c0d8      0x2e8 ./Middlewares/ST/STM32_USB_Host_Library/Core/Src/usbh_ctlreq.o
 .text.USBH_CtlSendSetup
                0x000000000800c3c0       0x34 ./Middlewares/ST/STM32_USB_Host_Library/Core/Src/usbh_ioreq.o
                0x000000000800c3c0                USBH_CtlSendSetup
 .text.USBH_CtlSendData
                0x000000000800c3f4       0x4a ./Middlewares/ST/STM32_USB_Host_Library/Core/Src/usbh_ioreq.o
                0x000000000800c3f4                USBH_CtlSendData
 .text.USBH_CtlReceiveData
                0x000000000800c43e       0x3c ./Middlewares/ST/STM32_USB_Host_Library/Core/Src/usbh_ioreq.o
                0x000000000800c43e                USBH_CtlReceiveData
 .text.USBH_BulkSendData
                0x000000000800c47a       0x4a ./Middlewares/ST/STM32_USB_Host_Library/Core/Src/usbh_ioreq.o
                0x000000000800c47a                USBH_BulkSendData
 .text.USBH_BulkReceiveData
                0x000000000800c4c4       0x3c ./Middlewares/ST/STM32_USB_Host_Library/Core/Src/usbh_ioreq.o
                0x000000000800c4c4                USBH_BulkReceiveData
 .text.USBH_OpenPipe
                0x000000000800c500       0x3e ./Middlewares/ST/STM32_USB_Host_Library/Core/Src/usbh_pipes.o
                0x000000000800c500                USBH_OpenPipe
 .text.USBH_ClosePipe
                0x000000000800c53e       0x20 ./Middlewares/ST/STM32_USB_Host_Library/Core/Src/usbh_pipes.o
                0x000000000800c53e                USBH_ClosePipe
 .text.USBH_AllocPipe
                0x000000000800c55e       0x42 ./Middlewares/ST/STM32_USB_Host_Library/Core/Src/usbh_pipes.o
                0x000000000800c55e                USBH_AllocPipe
 .text.USBH_FreePipe
                0x000000000800c5a0       0x3c ./Middlewares/ST/STM32_USB_Host_Library/Core/Src/usbh_pipes.o
                0x000000000800c5a0                USBH_FreePipe
 .text.USBH_GetFreePipe
                0x000000000800c5dc       0x48 ./Middlewares/ST/STM32_USB_Host_Library/Core/Src/usbh_pipes.o
 .text.disk_status
                0x000000000800c624       0x34 ./Middlewares/Third_Party/FatFs/src/diskio.o
                0x000000000800c624                disk_status
 .text.disk_initialize
                0x000000000800c658       0x4c ./Middlewares/Third_Party/FatFs/src/diskio.o
                0x000000000800c658                disk_initialize
 .text.disk_read
                0x000000000800c6a4       0x40 ./Middlewares/Third_Party/FatFs/src/diskio.o
                0x000000000800c6a4                disk_read
 .text.disk_write
                0x000000000800c6e4       0x40 ./Middlewares/Third_Party/FatFs/src/diskio.o
                0x000000000800c6e4                disk_write
 .text.disk_ioctl
                0x000000000800c724       0x3c ./Middlewares/Third_Party/FatFs/src/diskio.o
                0x000000000800c724                disk_ioctl
 .text.ld_word  0x000000000800c760       0x30 ./Middlewares/Third_Party/FatFs/src/ff.o
 .text.ld_dword
                0x000000000800c790       0x46 ./Middlewares/Third_Party/FatFs/src/ff.o
 .text.ld_qword
                0x000000000800c7d6      0x176 ./Middlewares/Third_Party/FatFs/src/ff.o
 .text.st_word  0x000000000800c94c       0x36 ./Middlewares/Third_Party/FatFs/src/ff.o
 .text.st_dword
                0x000000000800c982       0x58 ./Middlewares/Third_Party/FatFs/src/ff.o
 .text.st_qword
                0x000000000800c9da      0x110 ./Middlewares/Third_Party/FatFs/src/ff.o
 .text.mem_cpy  0x000000000800caea       0x42 ./Middlewares/Third_Party/FatFs/src/ff.o
 .text.mem_set  0x000000000800cb2c       0x36 ./Middlewares/Third_Party/FatFs/src/ff.o
 .text.mem_cmp  0x000000000800cb62       0x4e ./Middlewares/Third_Party/FatFs/src/ff.o
 .text.chk_chr  0x000000000800cbb0       0x36 ./Middlewares/Third_Party/FatFs/src/ff.o
 *fill*         0x000000000800cbe6        0x2 
 .text.chk_lock
                0x000000000800cbe8       0xb8 ./Middlewares/Third_Party/FatFs/src/ff.o
 .text.enq_lock
                0x000000000800cca0       0x44 ./Middlewares/Third_Party/FatFs/src/ff.o
 .text.inc_lock
                0x000000000800cce4      0x11c ./Middlewares/Third_Party/FatFs/src/ff.o
 .text.dec_lock
                0x000000000800ce00       0x78 ./Middlewares/Third_Party/FatFs/src/ff.o
 .text.clear_lock
                0x000000000800ce78       0x48 ./Middlewares/Third_Party/FatFs/src/ff.o
 .text.sync_window
                0x000000000800cec0       0x88 ./Middlewares/Third_Party/FatFs/src/ff.o
 .text.move_window
                0x000000000800cf48       0x5a ./Middlewares/Third_Party/FatFs/src/ff.o
 *fill*         0x000000000800cfa2        0x2 
 .text.sync_fs  0x000000000800cfa4       0xe0 ./Middlewares/Third_Party/FatFs/src/ff.o
 .text.clust2sect
                0x000000000800d084       0x3e ./Middlewares/Third_Party/FatFs/src/ff.o
 *fill*         0x000000000800d0c2        0x2 
 .text.get_fat  0x000000000800d0c4      0x2a4 ./Middlewares/Third_Party/FatFs/src/ff.o
 .text.put_fat  0x000000000800d368      0x240 ./Middlewares/Third_Party/FatFs/src/ff.o
 .text.find_bitmap
                0x000000000800d5a8      0x10e ./Middlewares/Third_Party/FatFs/src/ff.o
 .text.change_bitmap
                0x000000000800d6b6       0xea ./Middlewares/Third_Party/FatFs/src/ff.o
 .text.fill_first_frag
                0x000000000800d7a0       0x5e ./Middlewares/Third_Party/FatFs/src/ff.o
 .text.fill_last_frag
                0x000000000800d7fe       0x62 ./Middlewares/Third_Party/FatFs/src/ff.o
 .text.remove_chain
                0x000000000800d860      0x168 ./Middlewares/Third_Party/FatFs/src/ff.o
 .text.create_chain
                0x000000000800d9c8      0x202 ./Middlewares/Third_Party/FatFs/src/ff.o
 .text.clmt_clust
                0x000000000800dbca       0x88 ./Middlewares/Third_Party/FatFs/src/ff.o
 .text.dir_sdi  0x000000000800dc52      0x128 ./Middlewares/Third_Party/FatFs/src/ff.o
 .text.dir_next
                0x000000000800dd7a      0x1cc ./Middlewares/Third_Party/FatFs/src/ff.o
 .text.dir_alloc
                0x000000000800df46       0xb8 ./Middlewares/Third_Party/FatFs/src/ff.o
 .text.ld_clust
                0x000000000800dffe       0x3e ./Middlewares/Third_Party/FatFs/src/ff.o
 .text.st_clust
                0x000000000800e03c       0x40 ./Middlewares/Third_Party/FatFs/src/ff.o
 .text.cmp_lfn  0x000000000800e07c       0xe0 ./Middlewares/Third_Party/FatFs/src/ff.o
 .text.pick_lfn
                0x000000000800e15c       0xc8 ./Middlewares/Third_Party/FatFs/src/ff.o
 .text.put_lfn  0x000000000800e224       0xd0 ./Middlewares/Third_Party/FatFs/src/ff.o
 .text.gen_numname
                0x000000000800e2f4      0x120 ./Middlewares/Third_Party/FatFs/src/ff.o
 .text.sum_sfn  0x000000000800e414       0x42 ./Middlewares/Third_Party/FatFs/src/ff.o
 .text.xdir_sum
                0x000000000800e456       0x66 ./Middlewares/Third_Party/FatFs/src/ff.o
 .text.xname_sum
                0x000000000800e4bc       0x68 ./Middlewares/Third_Party/FatFs/src/ff.o
 .text.get_xdir_info
                0x000000000800e524      0x104 ./Middlewares/Third_Party/FatFs/src/ff.o
 .text.load_xdir
                0x000000000800e628      0x17c ./Middlewares/Third_Party/FatFs/src/ff.o
 .text.load_obj_dir
                0x000000000800e7a4       0x76 ./Middlewares/Third_Party/FatFs/src/ff.o
 .text.store_xdir
                0x000000000800e81a       0xb6 ./Middlewares/Third_Party/FatFs/src/ff.o
 .text.create_xdir
                0x000000000800e8d0       0xce ./Middlewares/Third_Party/FatFs/src/ff.o
 .text.dir_read
                0x000000000800e99e      0x18e ./Middlewares/Third_Party/FatFs/src/ff.o
 .text.dir_find
                0x000000000800eb2c      0x252 ./Middlewares/Third_Party/FatFs/src/ff.o
 *fill*         0x000000000800ed7e        0x2 
 .text.dir_register
                0x000000000800ed80      0x34c ./Middlewares/Third_Party/FatFs/src/ff.o
 .text.get_fileinfo
                0x000000000800f0cc      0x1d8 ./Middlewares/Third_Party/FatFs/src/ff.o
 .text.create_name
                0x000000000800f2a4      0x370 ./Middlewares/Third_Party/FatFs/src/ff.o
 .text.follow_path
                0x000000000800f614      0x15c ./Middlewares/Third_Party/FatFs/src/ff.o
 .text.get_ldnumber
                0x000000000800f770       0x88 ./Middlewares/Third_Party/FatFs/src/ff.o
 .text.check_fs
                0x000000000800f7f8       0xc8 ./Middlewares/Third_Party/FatFs/src/ff.o
 .text.find_volume
                0x000000000800f8c0      0x720 ./Middlewares/Third_Party/FatFs/src/ff.o
 .text.validate
                0x000000000800ffe0       0x6a ./Middlewares/Third_Party/FatFs/src/ff.o
 *fill*         0x000000000801004a        0x2 
 .text.f_mount  0x000000000801004c       0x8c ./Middlewares/Third_Party/FatFs/src/ff.o
                0x000000000801004c                f_mount
 .text.f_open   0x00000000080100d8      0x562 ./Middlewares/Third_Party/FatFs/src/ff.o
                0x00000000080100d8                f_open
 .text.f_read   0x000000000801063a      0x318 ./Middlewares/Third_Party/FatFs/src/ff.o
                0x000000000801063a                f_read
 .text.f_sync   0x0000000008010952      0x23c ./Middlewares/Third_Party/FatFs/src/ff.o
                0x0000000008010952                f_sync
 .text.f_close  0x0000000008010b8e       0x54 ./Middlewares/Third_Party/FatFs/src/ff.o
                0x0000000008010b8e                f_close
 .text.f_lseek  0x0000000008010be2      0x684 ./Middlewares/Third_Party/FatFs/src/ff.o
                0x0000000008010be2                f_lseek
 .text.f_opendir
                0x0000000008011266      0x152 ./Middlewares/Third_Party/FatFs/src/ff.o
                0x0000000008011266                f_opendir
 .text.f_closedir
                0x00000000080113b8       0x4c ./Middlewares/Third_Party/FatFs/src/ff.o
                0x00000000080113b8                f_closedir
 .text.f_readdir
                0x0000000008011404       0x7a ./Middlewares/Third_Party/FatFs/src/ff.o
                0x0000000008011404                f_readdir
 *fill*         0x000000000801147e        0x2 
 .text.FATFS_LinkDriverEx
                0x0000000008011480       0x98 ./Middlewares/Third_Party/FatFs/src/ff_gen_drv.o
                0x0000000008011480                FATFS_LinkDriverEx
 .text.FATFS_LinkDriver
                0x0000000008011518       0x1e ./Middlewares/Third_Party/FatFs/src/ff_gen_drv.o
                0x0000000008011518                FATFS_LinkDriver
 *fill*         0x0000000008011536        0x2 
 .text.ff_convert
                0x0000000008011538       0x78 ./Middlewares/Third_Party/FatFs/src/option/ccsbcs.o
                0x0000000008011538                ff_convert
 .text.ff_wtoupper
                0x00000000080115b0      0x114 ./Middlewares/Third_Party/FatFs/src/option/ccsbcs.o
                0x00000000080115b0                ff_wtoupper
 .text.MX_USB_HOST_Init
                0x00000000080116c4       0x4c ./USB_HOST/App/usb_host.o
                0x00000000080116c4                MX_USB_HOST_Init
 .text.MX_USB_HOST_Process
                0x0000000008011710       0x14 ./USB_HOST/App/usb_host.o
                0x0000000008011710                MX_USB_HOST_Process
 .text.USBH_UserProcess
                0x0000000008011724       0x5c ./USB_HOST/App/usb_host.o
 .text.HAL_HCD_MspInit
                0x0000000008011780       0xc4 ./USB_HOST/Target/usbh_conf.o
                0x0000000008011780                HAL_HCD_MspInit
 .text.HAL_HCD_SOF_Callback
                0x0000000008011844       0x1c ./USB_HOST/Target/usbh_conf.o
                0x0000000008011844                HAL_HCD_SOF_Callback
 .text.HAL_HCD_Connect_Callback
                0x0000000008011860       0x1c ./USB_HOST/Target/usbh_conf.o
                0x0000000008011860                HAL_HCD_Connect_Callback
 .text.HAL_HCD_Disconnect_Callback
                0x000000000801187c       0x1c ./USB_HOST/Target/usbh_conf.o
                0x000000000801187c                HAL_HCD_Disconnect_Callback
 .text.HAL_HCD_HC_NotifyURBChange_Callback
                0x0000000008011898       0x1c ./USB_HOST/Target/usbh_conf.o
                0x0000000008011898                HAL_HCD_HC_NotifyURBChange_Callback
 .text.HAL_HCD_PortEnabled_Callback
                0x00000000080118b4       0x1c ./USB_HOST/Target/usbh_conf.o
                0x00000000080118b4                HAL_HCD_PortEnabled_Callback
 .text.HAL_HCD_PortDisabled_Callback
                0x00000000080118d0       0x1c ./USB_HOST/Target/usbh_conf.o
                0x00000000080118d0                HAL_HCD_PortDisabled_Callback
 .text.USBH_LL_Init
                0x00000000080118ec       0x78 ./USB_HOST/Target/usbh_conf.o
                0x00000000080118ec                USBH_LL_Init
 .text.USBH_LL_Start
                0x0000000008011964       0x36 ./USB_HOST/Target/usbh_conf.o
                0x0000000008011964                USBH_LL_Start
 .text.USBH_LL_Stop
                0x000000000801199a       0x36 ./USB_HOST/Target/usbh_conf.o
                0x000000000801199a                USBH_LL_Stop
 .text.USBH_LL_GetSpeed
                0x00000000080119d0       0x4e ./USB_HOST/Target/usbh_conf.o
                0x00000000080119d0                USBH_LL_GetSpeed
 .text.USBH_LL_ResetPort
                0x0000000008011a1e       0x36 ./USB_HOST/Target/usbh_conf.o
                0x0000000008011a1e                USBH_LL_ResetPort
 .text.USBH_LL_GetLastXferSize
                0x0000000008011a54       0x26 ./USB_HOST/Target/usbh_conf.o
                0x0000000008011a54                USBH_LL_GetLastXferSize
 .text.USBH_LL_OpenPipe
                0x0000000008011a7a       0x5e ./USB_HOST/Target/usbh_conf.o
                0x0000000008011a7a                USBH_LL_OpenPipe
 .text.USBH_LL_ClosePipe
                0x0000000008011ad8       0x3e ./USB_HOST/Target/usbh_conf.o
                0x0000000008011ad8                USBH_LL_ClosePipe
 .text.USBH_LL_SubmitURB
                0x0000000008011b16       0x62 ./USB_HOST/Target/usbh_conf.o
                0x0000000008011b16                USBH_LL_SubmitURB
 .text.USBH_LL_GetURBState
                0x0000000008011b78       0x26 ./USB_HOST/Target/usbh_conf.o
                0x0000000008011b78                USBH_LL_GetURBState
 .text.USBH_LL_DriverVBUS
                0x0000000008011b9e       0x2e ./USB_HOST/Target/usbh_conf.o
                0x0000000008011b9e                USBH_LL_DriverVBUS
 .text.USBH_LL_SetToggle
                0x0000000008011bcc       0x60 ./USB_HOST/Target/usbh_conf.o
                0x0000000008011bcc                USBH_LL_SetToggle
 .text.USBH_LL_GetToggle
                0x0000000008011c2c       0x60 ./USB_HOST/Target/usbh_conf.o
                0x0000000008011c2c                USBH_LL_GetToggle
 .text.USBH_Delay
                0x0000000008011c8c       0x16 ./USB_HOST/Target/usbh_conf.o
                0x0000000008011c8c                USBH_Delay
 *fill*         0x0000000008011ca2        0x2 
 .text.USBH_Get_USB_Status
                0x0000000008011ca4       0x58 ./USB_HOST/Target/usbh_conf.o
                0x0000000008011ca4                USBH_Get_USB_Status
 .text.MX_DriverVbusFS
                0x0000000008011cfc       0x38 ./USB_HOST/Target/usbh_platform.o
                0x0000000008011cfc                MX_DriverVbusFS
 .text.__errno  0x0000000008011d34        0xc c:/st/stm32cubeide_1.8.0/stm32cubeide/plugins/com.st.stm32cube.ide.mcu.externaltools.gnu-tools-for-stm32.9-2020-q2-update.win32_2.0.0.202105311346/tools/bin/../lib/gcc/arm-none-eabi/9.3.1/../../../../arm-none-eabi/lib/thumb/v7e-m+fp/hard\libc_nano.a(lib_a-errno.o)
                0x0000000008011d34                __errno
 .text.__libc_init_array
                0x0000000008011d40       0x48 c:/st/stm32cubeide_1.8.0/stm32cubeide/plugins/com.st.stm32cube.ide.mcu.externaltools.gnu-tools-for-stm32.9-2020-q2-update.win32_2.0.0.202105311346/tools/bin/../lib/gcc/arm-none-eabi/9.3.1/../../../../arm-none-eabi/lib/thumb/v7e-m+fp/hard\libc_nano.a(lib_a-init.o)
                0x0000000008011d40                __libc_init_array
 .text.malloc   0x0000000008011d88       0x10 c:/st/stm32cubeide_1.8.0/stm32cubeide/plugins/com.st.stm32cube.ide.mcu.externaltools.gnu-tools-for-stm32.9-2020-q2-update.win32_2.0.0.202105311346/tools/bin/../lib/gcc/arm-none-eabi/9.3.1/../../../../arm-none-eabi/lib/thumb/v7e-m+fp/hard\libc_nano.a(lib_a-malloc.o)
                0x0000000008011d88                malloc
 .text.free     0x0000000008011d98       0x10 c:/st/stm32cubeide_1.8.0/stm32cubeide/plugins/com.st.stm32cube.ide.mcu.externaltools.gnu-tools-for-stm32.9-2020-q2-update.win32_2.0.0.202105311346/tools/bin/../lib/gcc/arm-none-eabi/9.3.1/../../../../arm-none-eabi/lib/thumb/v7e-m+fp/hard\libc_nano.a(lib_a-malloc.o)
                0x0000000008011d98                free
 .text.memcpy   0x0000000008011da8       0x1c c:/st/stm32cubeide_1.8.0/stm32cubeide/plugins/com.st.stm32cube.ide.mcu.externaltools.gnu-tools-for-stm32.9-2020-q2-update.win32_2.0.0.202105311346/tools/bin/../lib/gcc/arm-none-eabi/9.3.1/../../../../arm-none-eabi/lib/thumb/v7e-m+fp/hard\libc_nano.a(lib_a-memcpy-stub.o)
                0x0000000008011da8                memcpy
 .text.memset   0x0000000008011dc4       0x10 c:/st/stm32cubeide_1.8.0/stm32cubeide/plugins/com.st.stm32cube.ide.mcu.externaltools.gnu-tools-for-stm32.9-2020-q2-update.win32_2.0.0.202105311346/tools/bin/../lib/gcc/arm-none-eabi/9.3.1/../../../../arm-none-eabi/lib/thumb/v7e-m+fp/hard\libc_nano.a(lib_a-memset.o)
                0x0000000008011dc4                memset
 .text._free_r  0x0000000008011dd4       0xa0 c:/st/stm32cubeide_1.8.0/stm32cubeide/plugins/com.st.stm32cube.ide.mcu.externaltools.gnu-tools-for-stm32.9-2020-q2-update.win32_2.0.0.202105311346/tools/bin/../lib/gcc/arm-none-eabi/9.3.1/../../../../arm-none-eabi/lib/thumb/v7e-m+fp/hard\libc_nano.a(lib_a-nano-freer.o)
                0x0000000008011dd4                _free_r
 .text._malloc_r
                0x0000000008011e74       0xb4 c:/st/stm32cubeide_1.8.0/stm32cubeide/plugins/com.st.stm32cube.ide.mcu.externaltools.gnu-tools-for-stm32.9-2020-q2-update.win32_2.0.0.202105311346/tools/bin/../lib/gcc/arm-none-eabi/9.3.1/../../../../arm-none-eabi/lib/thumb/v7e-m+fp/hard\libc_nano.a(lib_a-nano-mallocr.o)
                0x0000000008011e74                _malloc_r
 .text._sbrk_r  0x0000000008011f28       0x20 c:/st/stm32cubeide_1.8.0/stm32cubeide/plugins/com.st.stm32cube.ide.mcu.externaltools.gnu-tools-for-stm32.9-2020-q2-update.win32_2.0.0.202105311346/tools/bin/../lib/gcc/arm-none-eabi/9.3.1/../../../../arm-none-eabi/lib/thumb/v7e-m+fp/hard\libc_nano.a(lib_a-sbrkr.o)
                0x0000000008011f28                _sbrk_r
 .text.sprintf  0x0000000008011f48       0x40 c:/st/stm32cubeide_1.8.0/stm32cubeide/plugins/com.st.stm32cube.ide.mcu.externaltools.gnu-tools-for-stm32.9-2020-q2-update.win32_2.0.0.202105311346/tools/bin/../lib/gcc/arm-none-eabi/9.3.1/../../../../arm-none-eabi/lib/thumb/v7e-m+fp/hard\libc_nano.a(lib_a-sprintf.o)
                0x0000000008011f48                siprintf
                0x0000000008011f48                sprintf
 .text.strncpy  0x0000000008011f88       0x26 c:/st/stm32cubeide_1.8.0/stm32cubeide/plugins/com.st.stm32cube.ide.mcu.externaltools.gnu-tools-for-stm32.9-2020-q2-update.win32_2.0.0.202105311346/tools/bin/../lib/gcc/arm-none-eabi/9.3.1/../../../../arm-none-eabi/lib/thumb/v7e-m+fp/hard\libc_nano.a(lib_a-strncpy.o)
                0x0000000008011f88                strncpy
 .text.strstr   0x0000000008011fae       0x2e c:/st/stm32cubeide_1.8.0/stm32cubeide/plugins/com.st.stm32cube.ide.mcu.externaltools.gnu-tools-for-stm32.9-2020-q2-update.win32_2.0.0.202105311346/tools/bin/../lib/gcc/arm-none-eabi/9.3.1/../../../../arm-none-eabi/lib/thumb/v7e-m+fp/hard\libc_nano.a(lib_a-strstr.o)
                0x0000000008011fae                strstr
 .text.__malloc_lock
                0x0000000008011fdc        0xc c:/st/stm32cubeide_1.8.0/stm32cubeide/plugins/com.st.stm32cube.ide.mcu.externaltools.gnu-tools-for-stm32.9-2020-q2-update.win32_2.0.0.202105311346/tools/bin/../lib/gcc/arm-none-eabi/9.3.1/../../../../arm-none-eabi/lib/thumb/v7e-m+fp/hard\libc_nano.a(lib_a-mlock.o)
                0x0000000008011fdc                __malloc_lock
 .text.__malloc_unlock
                0x0000000008011fe8        0xc c:/st/stm32cubeide_1.8.0/stm32cubeide/plugins/com.st.stm32cube.ide.mcu.externaltools.gnu-tools-for-stm32.9-2020-q2-update.win32_2.0.0.202105311346/tools/bin/../lib/gcc/arm-none-eabi/9.3.1/../../../../arm-none-eabi/lib/thumb/v7e-m+fp/hard\libc_nano.a(lib_a-mlock.o)
                0x0000000008011fe8                __malloc_unlock
 .text.__ssputs_r
                0x0000000008011ff4       0xb6 c:/st/stm32cubeide_1.8.0/stm32cubeide/plugins/com.st.stm32cube.ide.mcu.externaltools.gnu-tools-for-stm32.9-2020-q2-update.win32_2.0.0.202105311346/tools/bin/../lib/gcc/arm-none-eabi/9.3.1/../../../../arm-none-eabi/lib/thumb/v7e-m+fp/hard\libc_nano.a(lib_a-nano-svfprintf.o)
                0x0000000008011ff4                __ssputs_r
 *fill*         0x00000000080120aa        0x2 
 .text._svfprintf_r
                0x00000000080120ac      0x200 c:/st/stm32cubeide_1.8.0/stm32cubeide/plugins/com.st.stm32cube.ide.mcu.externaltools.gnu-tools-for-stm32.9-2020-q2-update.win32_2.0.0.202105311346/tools/bin/../lib/gcc/arm-none-eabi/9.3.1/../../../../arm-none-eabi/lib/thumb/v7e-m+fp/hard\libc_nano.a(lib_a-nano-svfprintf.o)
                0x00000000080120ac                _svfiprintf_r
                0x00000000080120ac                _svfprintf_r
 .text._printf_common
                0x00000000080122ac       0xda c:/st/stm32cubeide_1.8.0/stm32cubeide/plugins/com.st.stm32cube.ide.mcu.externaltools.gnu-tools-for-stm32.9-2020-q2-update.win32_2.0.0.202105311346/tools/bin/../lib/gcc/arm-none-eabi/9.3.1/../../../../arm-none-eabi/lib/thumb/v7e-m+fp/hard\libc_nano.a(lib_a-nano-vfprintf_i.o)
                0x00000000080122ac                _printf_common
 *fill*         0x0000000008012386        0x2 
 .text._printf_i
                0x0000000008012388      0x24c c:/st/stm32cubeide_1.8.0/stm32cubeide/plugins/com.st.stm32cube.ide.mcu.externaltools.gnu-tools-for-stm32.9-2020-q2-update.win32_2.0.0.202105311346/tools/bin/../lib/gcc/arm-none-eabi/9.3.1/../../../../arm-none-eabi/lib/thumb/v7e-m+fp/hard\libc_nano.a(lib_a-nano-vfprintf_i.o)
                0x0000000008012388                _printf_i
 .text.__retarget_lock_acquire_recursive
                0x00000000080125d4        0x2 c:/st/stm32cubeide_1.8.0/stm32cubeide/plugins/com.st.stm32cube.ide.mcu.externaltools.gnu-tools-for-stm32.9-2020-q2-update.win32_2.0.0.202105311346/tools/bin/../lib/gcc/arm-none-eabi/9.3.1/../../../../arm-none-eabi/lib/thumb/v7e-m+fp/hard\libc_nano.a(lib_a-lock.o)
                0x00000000080125d4                __retarget_lock_acquire_recursive
 .text.__retarget_lock_release_recursive
                0x00000000080125d6        0x2 c:/st/stm32cubeide_1.8.0/stm32cubeide/plugins/com.st.stm32cube.ide.mcu.externaltools.gnu-tools-for-stm32.9-2020-q2-update.win32_2.0.0.202105311346/tools/bin/../lib/gcc/arm-none-eabi/9.3.1/../../../../arm-none-eabi/lib/thumb/v7e-m+fp/hard\libc_nano.a(lib_a-lock.o)
                0x00000000080125d6                __retarget_lock_release_recursive
 .text.memmove  0x00000000080125d8       0x34 c:/st/stm32cubeide_1.8.0/stm32cubeide/plugins/com.st.stm32cube.ide.mcu.externaltools.gnu-tools-for-stm32.9-2020-q2-update.win32_2.0.0.202105311346/tools/bin/../lib/gcc/arm-none-eabi/9.3.1/../../../../arm-none-eabi/lib/thumb/v7e-m+fp/hard\libc_nano.a(lib_a-memmove.o)
                0x00000000080125d8                memmove
 .text._realloc_r
                0x000000000801260c       0x4c c:/st/stm32cubeide_1.8.0/stm32cubeide/plugins/com.st.stm32cube.ide.mcu.externaltools.gnu-tools-for-stm32.9-2020-q2-update.win32_2.0.0.202105311346/tools/bin/../lib/gcc/arm-none-eabi/9.3.1/../../../../arm-none-eabi/lib/thumb/v7e-m+fp/hard\libc_nano.a(lib_a-nano-reallocr.o)
                0x000000000801260c                _realloc_r
 .text._malloc_usable_size_r
                0x0000000008012658       0x10 c:/st/stm32cubeide_1.8.0/stm32cubeide/plugins/com.st.stm32cube.ide.mcu.externaltools.gnu-tools-for-stm32.9-2020-q2-update.win32_2.0.0.202105311346/tools/bin/../lib/gcc/arm-none-eabi/9.3.1/../../../../arm-none-eabi/lib/thumb/v7e-m+fp/hard\libc_nano.a(lib_a-nano-msizer.o)
                0x0000000008012658                _malloc_usable_size_r
 *(.glue_7)
 .glue_7        0x0000000008012668        0x0 linker stubs
 *(.glue_7t)
 .glue_7t       0x0000000008012668        0x0 linker stubs
 *(.eh_frame)
 .eh_frame      0x0000000008012668        0x0 c:/st/stm32cubeide_1.8.0/stm32cubeide/plugins/com.st.stm32cube.ide.mcu.externaltools.gnu-tools-for-stm32.9-2020-q2-update.win32_2.0.0.202105311346/tools/bin/../lib/gcc/arm-none-eabi/9.3.1/thumb/v7e-m+fp/hard/crtbegin.o
 *(.init)
 .init          0x0000000008012668        0x4 c:/st/stm32cubeide_1.8.0/stm32cubeide/plugins/com.st.stm32cube.ide.mcu.externaltools.gnu-tools-for-stm32.9-2020-q2-update.win32_2.0.0.202105311346/tools/bin/../lib/gcc/arm-none-eabi/9.3.1/thumb/v7e-m+fp/hard/crti.o
                0x0000000008012668                _init
 .init          0x000000000801266c        0x8 c:/st/stm32cubeide_1.8.0/stm32cubeide/plugins/com.st.stm32cube.ide.mcu.externaltools.gnu-tools-for-stm32.9-2020-q2-update.win32_2.0.0.202105311346/tools/bin/../lib/gcc/arm-none-eabi/9.3.1/thumb/v7e-m+fp/hard/crtn.o
 *(.fini)
 .fini          0x0000000008012674        0x4 c:/st/stm32cubeide_1.8.0/stm32cubeide/plugins/com.st.stm32cube.ide.mcu.externaltools.gnu-tools-for-stm32.9-2020-q2-update.win32_2.0.0.202105311346/tools/bin/../lib/gcc/arm-none-eabi/9.3.1/thumb/v7e-m+fp/hard/crti.o
                0x0000000008012674                _fini
 .fini          0x0000000008012678        0x8 c:/st/stm32cubeide_1.8.0/stm32cubeide/plugins/com.st.stm32cube.ide.mcu.externaltools.gnu-tools-for-stm32.9-2020-q2-update.win32_2.0.0.202105311346/tools/bin/../lib/gcc/arm-none-eabi/9.3.1/thumb/v7e-m+fp/hard/crtn.o
                0x0000000008012680                . = ALIGN (0x4)
                0x0000000008012680                _etext = .

.vfp11_veneer   0x0000000008012680        0x0
 .vfp11_veneer  0x0000000008012680        0x0 linker stubs

.v4_bx          0x0000000008012680        0x0
 .v4_bx         0x0000000008012680        0x0 linker stubs

.iplt           0x0000000008012680        0x0
 .iplt          0x0000000008012680        0x0 c:/st/stm32cubeide_1.8.0/stm32cubeide/plugins/com.st.stm32cube.ide.mcu.externaltools.gnu-tools-for-stm32.9-2020-q2-update.win32_2.0.0.202105311346/tools/bin/../lib/gcc/arm-none-eabi/9.3.1/thumb/v7e-m+fp/hard/crtbegin.o

.rodata         0x0000000008012680      0x594
                0x0000000008012680                . = ALIGN (0x4)
 *(.rodata)
 .rodata        0x0000000008012680        0x8 ./Core/Src/File_Handling.o
 .rodata        0x0000000008012688       0x2a ./Core/Src/main.o
 *fill*         0x00000000080126b2        0x2 
 .rodata        0x00000000080126b4        0x4 ./Middlewares/ST/STM32_USB_Host_Library/Class/MSC/Src/usbh_msc.o
 .rodata        0x00000000080126b8       0x54 ./Middlewares/Third_Party/FatFs/src/ff.o
 *(.rodata*)
 .rodata.I2SFreq
                0x000000000801270c       0x20 ./Core/Src/AUDIO.o
                0x000000000801270c                I2SFreq
 .rodata.I2SPLLN
                0x000000000801272c       0x20 ./Core/Src/AUDIO.o
                0x000000000801272c                I2SPLLN
 .rodata.I2SPLLR
                0x000000000801274c       0x20 ./Core/Src/AUDIO.o
                0x000000000801274c                I2SPLLR
 .rodata.AHBPrescTable
                0x000000000801276c       0x10 ./Core/Src/system_stm32f4xx.o
                0x000000000801276c                AHBPrescTable
 .rodata.APBPrescTable
                0x000000000801277c        0x8 ./Core/Src/system_stm32f4xx.o
                0x000000000801277c                APBPrescTable
 .rodata.flagBitshiftOffset.8412
                0x0000000008012784        0x8 ./Drivers/STM32F4xx_HAL_Driver/Src/stm32f4xx_hal_dma.o
 .rodata.USBH_Driver
                0x000000000801278c       0x14 ./FATFS/Target/usbh_diskio.o
                0x000000000801278c                USBH_Driver
 .rodata.ExCvt  0x00000000080127a0       0x80 ./Middlewares/Third_Party/FatFs/src/ff.o
 .rodata.LfnOfs
                0x0000000008012820        0xd ./Middlewares/Third_Party/FatFs/src/ff.o
 *fill*         0x000000000801282d        0x3 
 .rodata.Tbl    0x0000000008012830      0x100 ./Middlewares/Third_Party/FatFs/src/option/ccsbcs.o
 .rodata.cvt1.10769
                0x0000000008012930      0x1f2 ./Middlewares/Third_Party/FatFs/src/option/ccsbcs.o
 *fill*         0x0000000008012b22        0x2 
 .rodata.cvt2.10770
                0x0000000008012b24       0xbc ./Middlewares/Third_Party/FatFs/src/option/ccsbcs.o
 .rodata._svfprintf_r.str1.1
                0x0000000008012be0       0x11 c:/st/stm32cubeide_1.8.0/stm32cubeide/plugins/com.st.stm32cube.ide.mcu.externaltools.gnu-tools-for-stm32.9-2020-q2-update.win32_2.0.0.202105311346/tools/bin/../lib/gcc/arm-none-eabi/9.3.1/../../../../arm-none-eabi/lib/thumb/v7e-m+fp/hard\libc_nano.a(lib_a-nano-svfprintf.o)
 .rodata._printf_i.str1.1
                0x0000000008012bf1       0x22 c:/st/stm32cubeide_1.8.0/stm32cubeide/plugins/com.st.stm32cube.ide.mcu.externaltools.gnu-tools-for-stm32.9-2020-q2-update.win32_2.0.0.202105311346/tools/bin/../lib/gcc/arm-none-eabi/9.3.1/../../../../arm-none-eabi/lib/thumb/v7e-m+fp/hard\libc_nano.a(lib_a-nano-vfprintf_i.o)
                0x0000000008012c14                . = ALIGN (0x4)
 *fill*         0x0000000008012c13        0x1 

.ARM.extab      0x0000000008012c14        0x0
                0x0000000008012c14                . = ALIGN (0x4)
 *(.ARM.extab* .gnu.linkonce.armextab.*)
                0x0000000008012c14                . = ALIGN (0x4)

.ARM            0x0000000008012c14        0x8
                0x0000000008012c14                . = ALIGN (0x4)
                0x0000000008012c14                __exidx_start = .
 *(.ARM.exidx*)
 .ARM.exidx     0x0000000008012c14        0x8 c:/st/stm32cubeide_1.8.0/stm32cubeide/plugins/com.st.stm32cube.ide.mcu.externaltools.gnu-tools-for-stm32.9-2020-q2-update.win32_2.0.0.202105311346/tools/bin/../lib/gcc/arm-none-eabi/9.3.1/thumb/v7e-m+fp/hard\libgcc.a(_udivmoddi4.o)
                0x0000000008012c1c                __exidx_end = .
                0x0000000008012c1c                . = ALIGN (0x4)

.rel.dyn        0x0000000008012c1c        0x0
 .rel.iplt      0x0000000008012c1c        0x0 c:/st/stm32cubeide_1.8.0/stm32cubeide/plugins/com.st.stm32cube.ide.mcu.externaltools.gnu-tools-for-stm32.9-2020-q2-update.win32_2.0.0.202105311346/tools/bin/../lib/gcc/arm-none-eabi/9.3.1/thumb/v7e-m+fp/hard/crtbegin.o

.preinit_array  0x0000000008012c1c        0x0
                0x0000000008012c1c                . = ALIGN (0x4)
                0x0000000008012c1c                PROVIDE (__preinit_array_start = .)
 *(.preinit_array*)
                0x0000000008012c1c                PROVIDE (__preinit_array_end = .)
                0x0000000008012c1c                . = ALIGN (0x4)

.init_array     0x0000000008012c1c        0x4
                0x0000000008012c1c                . = ALIGN (0x4)
                0x0000000008012c1c                PROVIDE (__init_array_start = .)
 *(SORT_BY_NAME(.init_array.*))
 *(.init_array*)
 .init_array    0x0000000008012c1c        0x4 c:/st/stm32cubeide_1.8.0/stm32cubeide/plugins/com.st.stm32cube.ide.mcu.externaltools.gnu-tools-for-stm32.9-2020-q2-update.win32_2.0.0.202105311346/tools/bin/../lib/gcc/arm-none-eabi/9.3.1/thumb/v7e-m+fp/hard/crtbegin.o
                0x0000000008012c20                PROVIDE (__init_array_end = .)
                0x0000000008012c20                . = ALIGN (0x4)

.fini_array     0x0000000008012c20        0x4
                0x0000000008012c20                . = ALIGN (0x4)
                [!provide]                        PROVIDE (__fini_array_start = .)
 *(SORT_BY_NAME(.fini_array.*))
 *(.fini_array*)
 .fini_array    0x0000000008012c20        0x4 c:/st/stm32cubeide_1.8.0/stm32cubeide/plugins/com.st.stm32cube.ide.mcu.externaltools.gnu-tools-for-stm32.9-2020-q2-update.win32_2.0.0.202105311346/tools/bin/../lib/gcc/arm-none-eabi/9.3.1/thumb/v7e-m+fp/hard/crtbegin.o
                [!provide]                        PROVIDE (__fini_array_end = .)
                0x0000000008012c24                . = ALIGN (0x4)
                0x0000000008012c24                _sidata = LOADADDR (.data)

.data           0x0000000020000000       0xd4 load address 0x0000000008012c24
                0x0000000020000000                . = ALIGN (0x4)
                0x0000000020000000                _sdata = .
 *(.data)
 *(.data*)
 .data.I2cxTimeout
                0x0000000020000000        0x4 ./Core/Src/AUDIO_LINK.o
                0x0000000020000000                I2cxTimeout
 .data._fourbit_mode
                0x0000000020000004        0x1 ./Core/Src/LiquidCrystal.o
                0x0000000020000004                _fourbit_mode
 *fill*         0x0000000020000005        0x3 
 .data.cs43l22_drv
                0x0000000020000008       0x30 ./Core/Src/cs43l22.o
                0x0000000020000008                cs43l22_drv
 .data.Is_cs43l22_Stop
                0x0000000020000038        0x1 ./Core/Src/cs43l22.o
 *fill*         0x0000000020000039        0x3 
 .data.play     0x000000002000003c        0x4 ./Core/Src/main.o
                0x000000002000003c                play
 .data.SystemCoreClock
                0x0000000020000040        0x4 ./Core/Src/system_stm32f4xx.o
                0x0000000020000040                SystemCoreClock
 .data.uwVolume
                0x0000000020000044        0x4 ./Core/Src/wav_player.o
 .data.uwTickPrio
                0x0000000020000048        0x4 ./Drivers/STM32F4xx_HAL_Driver/Src/stm32f4xx_hal.o
                0x0000000020000048                uwTickPrio
 .data.uwTickFreq
                0x000000002000004c        0x1 ./Drivers/STM32F4xx_HAL_Driver/Src/stm32f4xx_hal.o
                0x000000002000004c                uwTickFreq
 *fill*         0x000000002000004d        0x3 
 .data.USBH_msc
                0x0000000020000050       0x20 ./Middlewares/ST/STM32_USB_Host_Library/Class/MSC/Src/usbh_msc.o
                0x0000000020000050                USBH_msc
 .data._impure_ptr
                0x0000000020000070        0x4 c:/st/stm32cubeide_1.8.0/stm32cubeide/plugins/com.st.stm32cube.ide.mcu.externaltools.gnu-tools-for-stm32.9-2020-q2-update.win32_2.0.0.202105311346/tools/bin/../lib/gcc/arm-none-eabi/9.3.1/../../../../arm-none-eabi/lib/thumb/v7e-m+fp/hard\libc_nano.a(lib_a-impure.o)
                0x0000000020000070                _impure_ptr
 .data.impure_data
                0x0000000020000074       0x60 c:/st/stm32cubeide_1.8.0/stm32cubeide/plugins/com.st.stm32cube.ide.mcu.externaltools.gnu-tools-for-stm32.9-2020-q2-update.win32_2.0.0.202105311346/tools/bin/../lib/gcc/arm-none-eabi/9.3.1/../../../../arm-none-eabi/lib/thumb/v7e-m+fp/hard\libc_nano.a(lib_a-impure.o)
 *(.RamFunc)
 *(.RamFunc*)
                0x00000000200000d4                . = ALIGN (0x4)
                0x00000000200000d4                _edata = .
                0x0000000008012cf8                _siccmram = LOADADDR (.ccmram)

.igot.plt       0x00000000200000d4        0x0 load address 0x0000000008012cf8
 .igot.plt      0x00000000200000d4        0x0 c:/st/stm32cubeide_1.8.0/stm32cubeide/plugins/com.st.stm32cube.ide.mcu.externaltools.gnu-tools-for-stm32.9-2020-q2-update.win32_2.0.0.202105311346/tools/bin/../lib/gcc/arm-none-eabi/9.3.1/thumb/v7e-m+fp/hard/crtbegin.o

.ccmram         0x0000000010000000        0x0 load address 0x0000000008012cf8
                0x0000000010000000                . = ALIGN (0x4)
                0x0000000010000000                _sccmram = .
 *(.ccmram)
 *(.ccmram*)
                0x0000000010000000                . = ALIGN (0x4)