AUDIO.c:156:9:AUDIO_OUT_Init	32	static
AUDIO.c:208:9:AUDIO_OUT_Play	16	static
AUDIO.c:230:6:AUDIO_OUT_ChangeBuffer	16	static
AUDIO.c:243:9:AUDIO_OUT_Pause	8	static
AUDIO.c:267:9:AUDIO_OUT_Resume	8	static
AUDIO.c:291:9:AUDIO_OUT_Stop	16	static
AUDIO.c:323:9:AUDIO_OUT_SetVolume	16	static
AUDIO.c:343:9:AUDIO_OUT_SetMute	16	static
AUDIO.c:365:9:AUDIO_OUT_SetOutputMode	16	static
AUDIO.c:385:6:AUDIO_OUT_SetFrequency	32	static
AUDIO.c:421:6:HAL_I2S_TxCpltCallback	16	static
AUDIO.c:434:6:HAL_I2S_TxHalfCpltCallback	16	static
AUDIO.c:452:13:AUDIO_OUT_ClockConfig	48	static
AUDIO.c:494:13:AUDIO_OUT_MspInit	56	static
AUDIO.c:564:13:AUDIO_OUT_MspDeInit	40	static
AUDIO.c:602:13:AUDIO_OUT_TransferComplete_CallBack	4	static
AUDIO.c:609:13:AUDIO_OUT_HalfTransfer_CallBack	4	static
AUDIO.c:616:13:AUDIO_OUT_Error_CallBack	4	static
AUDIO.c:628:16:I2S3_Init	16	static
AUDIO.c:661:6:HAL_I2S_ErrorCallback	16	static
