LiquidCrystal.c:42:6:LiquidCrystal	64	static
LiquidCrystal.c:51:6:init	24	static
LiquidCrystal.c:77:6:begin	40	static
LiquidCrystal.c:153:6:enableClock	40	static
LiquidCrystal.c:171:6:setRowOffsets	24	static
LiquidCrystal.c:178:6:clear	8	static
LiquidCrystal.c:184:6:setCursor	24	static
LiquidCrystal.c:198:6:noDisplay	8	static
LiquidCrystal.c:202:6:display	8	static
LiquidCrystal.c:208:8:print	32	static
LiquidCrystal.c:222:13:command	16	static
LiquidCrystal.c:226:15:write	16	static
LiquidCrystal.c:232:6:send	16	static
LiquidCrystal.c:248:6:pulseEnable	8	static
LiquidCrystal.c:257:6:write4bits	24	static
LiquidCrystal.c:265:6:write8bits	24	static
