spi_sd.c:30:13:SELECT	8	static
spi_sd.c:37:13:DESELECT	8	static
spi_sd.c:44:13:SPI_TxByte	16	static
spi_sd.c:51:13:SPI_TxBuffer	16	static
spi_sd.c:58:16:SPI_RxByte	24	static
spi_sd.c:70:13:SPI_RxBytePtr	16	static
spi_sd.c:80:16:SD_ReadyWait	16	static
spi_sd.c:96:13:SD_PowerOn	24	static
spi_sd.c:135:13:SD_PowerOff	4	static
spi_sd.c:141:16:SD_CheckPower	4	static
spi_sd.c:147:13:SD_RxDataBlock	24	static
spi_sd.c:176:13:SD_TxDataBlock	24	static
spi_sd.c:218:13:SD_SendCmd	24	static
spi_sd.c:257:9:SD_disk_initialize	32	static
spi_sd.c:357:9:SD_disk_status	16	static
spi_sd.c:364:9:SD_disk_read	24	static
spi_sd.c:406:9:SD_disk_write	24	static
spi_sd.c:461:9:SD_disk_ioctl	56	static
