stm32f4xx_it.c:34:6:HAL_GPIO_EXTI_IRQHandler2	16	static
stm32f4xx_it.c:58:6:SDTimer_Handler	4	static
stm32f4xx_it.c:86:6:NMI_Handler	4	static
stm32f4xx_it.c:101:6:HardFault_Handler	4	static
stm32f4xx_it.c:116:6:MemManage_Handler	4	static
stm32f4xx_it.c:131:6:BusFault_Handler	4	static
stm32f4xx_it.c:146:6:UsageFault_Handler	4	static
stm32f4xx_it.c:161:6:SVC_Handler	4	static
stm32f4xx_it.c:174:6:DebugMon_Handler	4	static
stm32f4xx_it.c:187:6:PendSV_Handler	4	static
stm32f4xx_it.c:200:6:SysTick_Handler	8	static
stm32f4xx_it.c:225:6:EXTI0_IRQHandler	8	static
stm32f4xx_it.c:239:6:DMA1_Stream5_IRQHandler	8	static
stm32f4xx_it.c:253:6:EXTI15_10_IRQHandler	8	static
stm32f4xx_it.c:270:6:OTG_FS_IRQHandler	8	static
